Archive member included to satisfy reference by file (symbol)

threadx/libthreadx.a(tx_initialize_kernel_enter.c.obj)
                              CMakeFiles/base.dir/Core/Src/main.c.obj (_tx_initialize_kernel_enter)
threadx/libthreadx.a(tx_thread_identify.c.obj)
                              bsp/CMakeFiles/bsp.dir/SPI/bsp_softspi.c.obj (_tx_thread_identify)
threadx/libthreadx.a(tx_thread_initialize.c.obj)
                              threadx/libthreadx.a(tx_thread_identify.c.obj) (_tx_thread_current_ptr)
threadx/libthreadx.a(tx_thread_sleep.c.obj)
                              modules/CMakeFiles/modules.dir/REMOTE/module_remote.c.obj (_tx_thread_sleep)
threadx/libthreadx.a(tx_thread_system_suspend.c.obj)
                              threadx/libthreadx.a(tx_thread_sleep.c.obj) (_tx_thread_system_ni_suspend)
threadx/libthreadx.a(tx_timer_initialize.c.obj)
                              threadx/libthreadx.a(tx_thread_system_suspend.c.obj) (_tx_timer_time_slice)
threadx/libthreadx.a(tx_timer_system_activate.c.obj)
                              threadx/libthreadx.a(tx_thread_system_suspend.c.obj) (_tx_timer_system_activate)
threadx/libthreadx.a(txe_byte_allocate.c.obj)
                              bsp/CMakeFiles/bsp.dir/PWM/bsp_pwm.c.obj (_txe_byte_allocate)
threadx/libthreadx.a(txe_byte_pool_create.c.obj)
                              robot/CMakeFiles/robot.dir/car_init.c.obj (_txe_byte_pool_create)
threadx/libthreadx.a(txe_byte_release.c.obj)
                              bsp/CMakeFiles/bsp.dir/PWM/bsp_pwm.c.obj (_txe_byte_release)
threadx/libthreadx.a(txe_event_flags_create.c.obj)
                              bsp/CMakeFiles/bsp.dir/PWM/bsp_pwm.c.obj (_txe_event_flags_create)
threadx/libthreadx.a(txe_event_flags_get.c.obj)
                              bsp/CMakeFiles/bsp.dir/PWM/bsp_pwm.c.obj (_txe_event_flags_get)
threadx/libthreadx.a(txe_event_flags_set.c.obj)
                              bsp/CMakeFiles/bsp.dir/PWM/bsp_pwm.c.obj (_txe_event_flags_set)
threadx/libthreadx.a(txe_mutex_create.c.obj)
                              bsp/CMakeFiles/bsp.dir/SPI/bsp_softspi.c.obj (_txe_mutex_create)
threadx/libthreadx.a(txe_mutex_get.c.obj)
                              bsp/CMakeFiles/bsp.dir/SPI/bsp_softspi.c.obj (_txe_mutex_get)
threadx/libthreadx.a(txe_mutex_put.c.obj)
                              bsp/CMakeFiles/bsp.dir/SPI/bsp_softspi.c.obj (_txe_mutex_put)
threadx/libthreadx.a(txe_thread_create.c.obj)
                              modules/CMakeFiles/modules.dir/REMOTE/module_remote.c.obj (_txe_thread_create)
threadx/libthreadx.a(tx_initialize_low_level.S.obj)
                              threadx/libthreadx.a(tx_initialize_kernel_enter.c.obj) (_tx_initialize_low_level)
threadx/libthreadx.a(tx_thread_schedule.S.obj)
                              threadx/libthreadx.a(tx_initialize_kernel_enter.c.obj) (_tx_thread_schedule)
threadx/libthreadx.a(tx_timer_interrupt.S.obj)
                              threadx/libthreadx.a(tx_initialize_low_level.S.obj) (_tx_timer_interrupt)
threadx/libthreadx.a(tx_initialize_high_level.c.obj)
                              threadx/libthreadx.a(tx_initialize_kernel_enter.c.obj) (_tx_initialize_high_level)
threadx/libthreadx.a(tx_byte_allocate.c.obj)
                              threadx/libthreadx.a(txe_byte_allocate.c.obj) (_tx_byte_allocate)
threadx/libthreadx.a(tx_byte_pool_cleanup.c.obj)
                              threadx/libthreadx.a(tx_byte_allocate.c.obj) (_tx_byte_pool_cleanup)
threadx/libthreadx.a(tx_byte_pool_create.c.obj)
                              threadx/libthreadx.a(txe_byte_pool_create.c.obj) (_tx_byte_pool_create)
threadx/libthreadx.a(tx_byte_pool_search.c.obj)
                              threadx/libthreadx.a(tx_byte_allocate.c.obj) (_tx_byte_pool_search)
threadx/libthreadx.a(tx_byte_release.c.obj)
                              threadx/libthreadx.a(txe_byte_release.c.obj) (_tx_byte_release)
threadx/libthreadx.a(tx_event_flags_create.c.obj)
                              threadx/libthreadx.a(txe_event_flags_create.c.obj) (_tx_event_flags_create)
threadx/libthreadx.a(tx_event_flags_get.c.obj)
                              threadx/libthreadx.a(txe_event_flags_get.c.obj) (_tx_event_flags_get)
threadx/libthreadx.a(tx_event_flags_set.c.obj)
                              threadx/libthreadx.a(txe_event_flags_set.c.obj) (_tx_event_flags_set)
threadx/libthreadx.a(tx_mutex_create.c.obj)
                              threadx/libthreadx.a(txe_mutex_create.c.obj) (_tx_mutex_create)
threadx/libthreadx.a(tx_mutex_get.c.obj)
                              threadx/libthreadx.a(txe_mutex_get.c.obj) (_tx_mutex_get)
threadx/libthreadx.a(tx_mutex_priority_change.c.obj)
                              threadx/libthreadx.a(tx_mutex_get.c.obj) (_tx_mutex_priority_change)
threadx/libthreadx.a(tx_mutex_put.c.obj)
                              threadx/libthreadx.a(txe_mutex_put.c.obj) (_tx_mutex_put)
threadx/libthreadx.a(tx_thread_create.c.obj)
[...]
Memory Configuration

Name             Origin             Length             Attributes
RAM              0x20000000         0x00020000         xrw
CCMRAM           0x10000000         0x00010000         xrw
FLASH            0x08000000         0x00100000         xr
*default*        0x00000000         0xffffffff

Linker script and memory map

LOAD D:/robomaster/toolchains/arm-gnu-toolchain/bin/../lib/gcc/arm-none-eabi/13.3.1/thumb/v7e-m+fp/hard/crti.o
LOAD D:/robomaster/toolchains/arm-gnu-toolchain/bin/../lib/gcc/arm-none-eabi/13.3.1/thumb/v7e-m+fp/hard/crtbegin.o
LOAD D:/robomaster/toolchains/arm-gnu-toolchain/bin/../lib/gcc/arm-none-eabi/13.3.1/thumb/v7e-m+fp/hard/crt0.o
LOAD cmake/stm32cubemx/CMakeFiles/STM32_Drivers.dir/__/__/Core/Src/system_stm32f4xx.c.obj
LOAD cmake/stm32cubemx/CMakeFiles/STM32_Drivers.dir/__/__/Drivers/STM32F4xx_HAL_Driver/Src/stm32f4xx_hal_tim.c.obj
LOAD cmake/stm32cubemx/CMakeFiles/STM32_Drivers.dir/__/__/Drivers/STM32F4xx_HAL_Driver/Src/stm32f4xx_hal_tim_ex.c.obj
LOAD cmake/stm32cubemx/CMakeFiles/STM32_Drivers.dir/__/__/Drivers/STM32F4xx_HAL_Driver/Src/stm32f4xx_hal_rcc.c.obj
LOAD cmake/stm32cubemx/CMakeFiles/STM32_Drivers.dir/__/__/Drivers/STM32F4xx_HAL_Driver/Src/stm32f4xx_hal_rcc_ex.c.obj
LOAD cmake/stm32cubemx/CMakeFiles/STM32_Drivers.dir/__/__/Drivers/STM32F4xx_HAL_Driver/Src/stm32f4xx_hal_flash.c.obj
LOAD cmake/stm32cubemx/CMakeFiles/STM32_Drivers.dir/__/__/Drivers/STM32F4xx_HAL_Driver/Src/stm32f4xx_hal_flash_ex.c.obj
LOAD cmake/stm32cubemx/CMakeFiles/STM32_Drivers.dir/__/__/Drivers/STM32F4xx_HAL_Driver/Src/stm32f4xx_hal_flash_ramfunc.c.obj
LOAD cmake/stm32cubemx/CMakeFiles/STM32_Drivers.dir/__/__/Drivers/STM32F4xx_HAL_Driver/Src/stm32f4xx_hal_gpio.c.obj
LOAD cmake/stm32cubemx/CMakeFiles/STM32_Drivers.dir/__/__/Drivers/STM32F4xx_HAL_Driver/Src/stm32f4xx_hal_dma_ex.c.obj
LOAD cmake/stm32cubemx/CMakeFiles/STM32_Drivers.dir/__/__/Drivers/STM32F4xx_HAL_Driver/Src/stm32f4xx_hal_dma.c.obj
LOAD cmake/stm32cubemx/CMakeFiles/STM32_Drivers.dir/__/__/Drivers/STM32F4xx_HAL_Driver/Src/stm32f4xx_hal_pwr.c.obj
LOAD cmake/stm32cubemx/CMakeFiles/STM32_Drivers.dir/__/__/Drivers/STM32F4xx_HAL_Driver/Src/stm32f4xx_hal_pwr_ex.c.obj
LOAD cmake/stm32cubemx/CMakeFiles/STM32_Drivers.dir/__/__/Drivers/STM32F4xx_HAL_Driver/Src/stm32f4xx_hal_cortex.c.obj
LOAD cmake/stm32cubemx/CMakeFiles/STM32_Drivers.dir/__/__/Drivers/STM32F4xx_HAL_Driver/Src/stm32f4xx_hal.c.obj
LOAD cmake/stm32cubemx/CMakeFiles/STM32_Drivers.dir/__/__/Drivers/STM32F4xx_HAL_Driver/Src/stm32f4xx_hal_exti.c.obj
LOAD cmake/stm32cubemx/CMakeFiles/STM32_Drivers.dir/__/__/Drivers/STM32F4xx_HAL_Driver/Src/stm32f4xx_hal_uart.c.obj
LOAD bsp/CMakeFiles/bsp.dir/bsp_init.c.obj
LOAD bsp/CMakeFiles/bsp.dir/GPIO/bsp_gpio.c.obj
LOAD bsp/CMakeFiles/bsp.dir/PWM/bsp_pwm.c.obj
LOAD bsp/CMakeFiles/bsp.dir/UART/bsp_uart.c.obj
LOAD bsp/CMakeFiles/bsp.dir/DWT/bsp_dwt.c.obj
LOAD bsp/CMakeFiles/bsp.dir/SPI/bsp_softspi.c.obj
LOAD utils/CMakeFiles/utils.dir/utils_init.c.obj
LOAD utils/CMakeFiles/utils.dir/ulog/SEGGER_RTT.c.obj
LOAD utils/CMakeFiles/utils.dir/ulog/ulog.c.obj
LOAD utils/CMakeFiles/utils.dir/ulog/printf.c.obj
LOAD utils/CMakeFiles/utils.dir/kfifo/kfifo.c.obj
LOAD modules/CMakeFiles/modules.dir/module_init.c.obj
LOAD modules/CMakeFiles/modules.dir/REMOTE/module_remote.c.obj
LOAD modules/CMakeFiles/modules.dir/REMOTE/PS2/ps2.c.obj
LOAD modules/CMakeFiles/modules.dir/MOTOR/motor_base.c.obj
LOAD modules/CMakeFiles/modules.dir/MOTOR/module_motor.c.obj
LOAD modules/CMakeFiles/modules.dir/MOTOR/SERVO/motor_servo.c.obj
LOAD modules/CMakeFiles/modules.dir/MOTOR/DC_Gear/motor_DC.c.obj
LOAD modules/CMakeFiles/modules.dir/algorithm/user_lib.c.obj
LOAD modules/CMakeFiles/modules.dir/algorithm/pid.c.obj
LOAD robot/CMakeFiles/robot.dir/car_init.c.obj
LOAD app/CMakeFiles/app.dir/app_init.c.obj
LOAD app/CMakeFiles/app.dir/car_control.c.obj
LOAD CMakeFiles/base.dir/Core/Src/main.c.obj
LOAD CMakeFiles/base.dir/Core/Src/gpio.c.obj
LOAD CMakeFiles/base.dir/Core/Src/tim.c.obj
LOAD CMakeFiles/base.dir/Core/Src/usart.c.obj
LOAD CMakeFiles/base.dir/Core/Src/stm32f4xx_it.c.obj
LOAD CMakeFiles/base.dir/Core/Src/stm32f4xx_hal_msp.c.obj
LOAD CMakeFiles/base.dir/Core/Src/stm32f4xx_hal_timebase_tim.c.obj
LOAD CMakeFiles/base.dir/Core/Src/sysmem.c.obj
LOAD CMakeFiles/base.dir/Core/Src/syscalls.c.obj
LOAD CMakeFiles/base.dir/startup_stm32f407xx.s.obj
LOAD D:/robomaster/toolchains/arm-gnu-toolchain/bin/../lib/gcc/arm-none-eabi/13.3.1/thumb/v7e-m+fp/hard\libm.a
LOAD threadx/libthreadx.a
LOAD cmsisdsp/Source/libCMSISDSP.a
LOAD threadx/libthreadx.a
LOAD cmsisdsp/Source/libCMSISDSP.a
START GROUP
LOAD D:/robomaster/toolchains/arm-gnu-toolchain/bin/../lib/gcc/arm-none-eabi/13.3.1/thumb/v7e-m+fp/hard\libgcc.a
LOAD D:/robomaster/toolchains/arm-gnu-toolchain/bin/../lib/gcc/arm-none-eabi/13.3.1/thumb/v7e-m+fp/hard\libg_nano.a
LOAD D:/robomaster/toolchains/arm-gnu-toolchain/bin/../lib/gcc/arm-none-eabi/13.3.1/thumb/v7e-m+fp/hard\libc_nano.a
END GROUP
START GROUP
LOAD D:/robomaster/toolchains/arm-gnu-toolchain/bin/../lib/gcc/arm-none-eabi/13.3.1/thumb/v7e-m+fp/hard\libgcc.a
LOAD D:/robomaster/toolchains/arm-gnu-toolchain/bin/../lib/gcc/arm-none-eabi/13.3.1/thumb/v7e-m+fp/hard\libc_nano.a
END GROUP
LOAD D:/robomaster/toolchains/arm-gnu-toolchain/bin/../lib/gcc/arm-none-eabi/13.3.1/thumb/v7e-m+fp/hard/crtend.o
LOAD D:/robomaster/toolchains/arm-gnu-toolchain/bin/../lib/gcc/arm-none-eabi/13.3.1/thumb/v7e-m+fp/hard/crtn.o
                0x20020000                        _estack = (ORIGIN (RAM) + LENGTH (RAM))
                0x2001fc00                        _sstack = (_estack - _Min_Stack_Size)
                0x00000200                        _Min_Heap_Size = 0x200
                0x00000400                        _Min_Stack_Size = 0x400

.isr_vector     0x08000000      0x188
                0x08000000                        . = ALIGN (0x4)
 *(.isr_vector)
 .isr_vector    0x08000000      0x188 CMakeFiles/base.dir/startup_stm32f407xx.s.obj
                0x08000000                g_pfnVectors
                0x08000188                        . = ALIGN (0x4)

.text           0x08000190     0x9390
                0x08000190                        . = ALIGN (0x4)
 *(.text)
 .text          0x08000190       0x80 threadx/libthreadx.a(tx_initialize_low_level.S.obj)
                0x08000190                _tx_initialize_low_level
                0x080001d4                __tx_BadHandler
                0x080001d8                __tx_HardfaultHandler
                0x080001dc                __tx_SVCallHandler
                0x080001e0                __tx_IntHandler
                0x080001e8                __tx_SysTickHandler
                0x080001e8                SysTick_Handler
                0x080001f4                __tx_NMIHandler
                0x080001f8                __tx_DBGHandler
 .text          0x08000210       0xc0 threadx/libthreadx.a(tx_thread_schedule.S.obj)
                0x08000210                _tx_thread_schedule
                0x0800023c                PendSV_Handler
                0x0800023c                __tx_PendSVHandler
                0x080002be                tx_thread_fpu_disable
                0x080002be                tx_thread_fpu_enable
 .text          0x080002d0       0xb8 threadx/libthreadx.a(tx_timer_interrupt.S.obj)
                0x080002d0                _tx_timer_interrupt
 *fill*         0x08000388        0x8 
 .text          0x08000390       0x40 threadx/libthreadx.a(tx_thread_stack_build.S.obj)
                0x08000390                _tx_thread_stack_build
 .text          0x080003d0      0x378 D:/robomaster/toolchains/arm-gnu-toolchain/bin/../lib/gcc/arm-none-eabi/13.3.1/thumb/v7e-m+fp/hard\libgcc.a(_arm_addsubdf3.o)
                0x080003d0                __aeabi_drsub
                0x080003d8                __aeabi_dsub
                0x080003d8                __subdf3
                0x080003dc                __aeabi_dadd
                0x080003dc                __adddf3
                0x08000654                __floatunsidf
                0x08000654                __aeabi_ui2d
                0x08000674                __floatsidf
                0x08000674                __aeabi_i2d
                0x08000698                __aeabi_f2d
                0x08000698                __extendsfdf2
                0x080006dc                __floatundidf
                0x080006dc                __aeabi_ul2d
                0x080006ec                __floatdidf
                0x080006ec                __aeabi_l2d
 .text          0x08000748      0x424 D:/robomaster/toolchains/arm-gnu-toolchain/bin/../lib/gcc/arm-none-eabi/13.3.1/thumb/v7e-m+fp/hard\libgcc.a(_arm_muldivdf3.o)
                0x08000748                __aeabi_dmul
                0x08000748                __muldf3
                0x0800099c                __divdf3
                0x0800099c                __aeabi_ddiv
 .text          0x08000b6c      0x110 D:/robomaster/toolchains/arm-gnu-toolchain/bin/../lib/gcc/arm-none-eabi/13.3.1/thumb/v7e-m+fp/hard\libgcc.a(_arm_cmpdf2.o)
                0x08000b6c                __gtdf2
                0x08000b6c                __gedf2
                0x08000b74                __ltdf2
                0x08000b74                __ledf2
                0x08000b7c                __nedf2
                0x08000b7c                __eqdf2
                0x08000b7c                __cmpdf2
                0x08000bf8                __aeabi_cdrcmple
                0x08000c08                __aeabi_cdcmpeq
                0x08000c08                __aeabi_cdcmple
                0x08000c18                __aeabi_dcmpeq
                0x08000c2c                __aeabi_dcmplt
                0x08000c40                __aeabi_dcmple
                0x08000c54                __aeabi_dcmpge
                0x08000c68                __aeabi_dcmpgt
 .text          0x08000c7c       0x50 D:/robomaster/toolchains/arm-gnu-toolchain/bin/../lib/gcc/arm-none-eabi/13.3.1/thumb/v7e-m+fp/hard\libgcc.a(_arm_fixdfsi.o)
                0x08000c7c                __aeabi_d2iz
                0x08000c7c                __fixdfsi
 .text          0x08000ccc       0x30 D:/robomaster/toolchains/arm-gnu-toolchain/bin/../lib/gcc/arm-none-eabi/13.3.1/thumb/v7e-m+fp/hard\libgcc.a(_aeabi_uldivmod.o)
                0x08000ccc                __aeabi_uldivmod
 .text          0x08000cfc        0x4 D:/robomaster/toolchains/arm-gnu-toolchain/bin/../lib/gcc/arm-none-eabi/13.3.1/thumb/v7e-m+fp/hard\libgcc.a(_dvmd_tls.o)
                0x08000cfc                __aeabi_idiv0
                0x08000cfc                __aeabi_ldiv0
 .text          0x08000d00       0x40 D:/robomaster/toolchains/arm-gnu-toolchain/bin/../lib/gcc/arm-none-eabi/13.3.1/thumb/v7e-m+fp/hard\libgcc.a(_arm_fixunsdfsi.o)
                0x08000d00                __aeabi_d2uiz
                0x08000d00                __fixunsdfsi
 *(.text*)
 .text.deregister_tm_clones
                0x08000d40       0x1c D:/robomaster/toolchains/arm-gnu-toolchain/bin/../lib/gcc/arm-none-eabi/13.3.1/thumb/v7e-m+fp/hard/crtbegin.o
 .text.register_tm_clones
                0x08000d5c       0x24 D:/robomaster/toolchains/arm-gnu-toolchain/bin/../lib/gcc/arm-none-eabi/13.3.1/thumb/v7e-m+fp/hard/crtbegin.o
 .text.__do_global_dtors_aux
                0x08000d80       0x28 D:/robomaster/toolchains/arm-gnu-toolchain/bin/../lib/gcc/arm-none-eabi/13.3.1/thumb/v7e-m+fp/hard/crtbegin.o
 .text.frame_dummy
                0x08000da8       0x24 D:/robomaster/toolchains/arm-gnu-toolchain/bin/../lib/gcc/arm-none-eabi/13.3.1/thumb/v7e-m+fp/hard/crtbegin.o
 .text.SystemInit
                0x08000dcc       0x24 cmake/stm32cubemx/CMakeFiles/STM32_Drivers.dir/__/__/Core/Src/system_stm32f4xx.c.obj
                0x08000dcc                SystemInit
 .text.HAL_TIM_Base_Init
                0x08000df0       0x9e cmake/stm32cubemx/CMakeFiles/STM32_Drivers.dir/__/__/Drivers/STM32F4xx_HAL_Driver/Src/stm32f4xx_hal_tim.c.obj
                0x08000df0                HAL_TIM_Base_Init
 .text.HAL_TIM_Base_MspInit
                0x08000e8e       0x14 cmake/stm32cubemx/CMakeFiles/STM32_Drivers.dir/__/__/Drivers/STM32F4xx_HAL_Driver/Src/stm32f4xx_hal_tim.c.obj
                0x08000e8e                HAL_TIM_Base_MspInit
 *fill*         0x08000ea2        0x2 
 .text.HAL_TIM_Base_Start_IT
                0x08000ea4       0xe0 cmake/stm32cubemx/CMakeFiles/STM32_Drivers.dir/__/__/Drivers/STM32F4xx_HAL_Driver/Src/stm32f4xx_hal_tim.c.obj
                0x08000ea4                HAL_TIM_Base_Start_IT
 .text.HAL_TIM_PWM_Init
                0x08000f84       0x9e cmake/stm32cubemx/CMakeFiles/STM32_Drivers.dir/__/__/Drivers/STM32F4xx_HAL_Driver/Src/stm32f4xx_hal_tim.c.obj
                0x08000f84                HAL_TIM_PWM_Init
 *fill*         0x08001022        0x2 
 .text.HAL_TIM_PWM_Start
                0x08001024      0x190 cmake/stm32cubemx/CMakeFiles/STM32_Drivers.dir/__/__/Drivers/STM32F4xx_HAL_Driver/Src/stm32f4xx_hal_tim.c.obj
                0x08001024                HAL_TIM_PWM_Start
 .text.HAL_TIM_PWM_Start_IT
                0x080011b4      0x22c cmake/stm32cubemx/CMakeFiles/STM32_Drivers.dir/__/__/Drivers/STM32F4xx_HAL_Driver/Src/stm32f4xx_hal_tim.c.obj
                0x080011b4                HAL_TIM_PWM_Start_IT
 .text.HAL_TIM_PWM_Start_DMA
                0x080013e0      0x390 cmake/stm32cubemx/CMakeFiles/STM32_Drivers.dir/__/__/Drivers/STM32F4xx_HAL_Driver/Src/stm32f4xx_hal_tim.c.obj
                0x080013e0                HAL_TIM_PWM_Start_DMA
 .text.HAL_TIM_IRQHandler
                0x08001770      0x1e0 cmake/stm32cubemx/CMakeFiles/STM32_Drivers.dir/__/__/Drivers/STM32F4xx_HAL_Driver/Src/stm32f4xx_hal_tim.c.obj
                0x08001770                HAL_TIM_IRQHandler
 .text.HAL_TIM_PWM_ConfigChannel
                0x08001950      0x184 cmake/stm32cubemx/CMakeFiles/STM32_Drivers.dir/__/__/Drivers/STM32F4xx_HAL_Driver/Src/stm32f4xx_hal_tim.c.obj
                0x08001950                HAL_TIM_PWM_ConfigChannel
 .text.HAL_TIM_OC_DelayElapsedCallback
                0x08001ad4       0x14 cmake/stm32cubemx/CMakeFiles/STM32_Drivers.dir/__/__/Drivers/STM32F4xx_HAL_Driver/Src/stm32f4xx_hal_tim.c.obj
                0x08001ad4                HAL_TIM_OC_DelayElapsedCallback
 .text.HAL_TIM_IC_CaptureCallback
                0x08001ae8       0x14 cmake/stm32cubemx/CMakeFiles/STM32_Drivers.dir/__/__/Drivers/STM32F4xx_HAL_Driver/Src/stm32f4xx_hal_tim.c.obj
                0x08001ae8                HAL_TIM_IC_CaptureCallback
 .text.HAL_TIM_PWM_PulseFinishedHalfCpltCallback
                0x08001afc       0x14 cmake/stm32cubemx/CMakeFiles/STM32_Drivers.dir/__/__/Drivers/STM32F4xx_HAL_Driver/Src/stm32f4xx_hal_tim.c.obj
                0x08001afc                HAL_TIM_PWM_PulseFinishedHalfCpltCallback
 .text.HAL_TIM_TriggerCallback
                0x08001b10       0x14 cmake/stm32cubemx/CMakeFiles/STM32_Drivers.dir/__/__/Drivers/STM32F4xx_HAL_Driver/Src/stm32f4xx_hal_tim.c.obj
                0x08001b10                HAL_TIM_TriggerCallback
 .text.HAL_TIM_ErrorCallback
                0x08001b24       0x14 cmake/stm32cubemx/CMakeFiles/STM32_Drivers.dir/__/__/Drivers/STM32F4xx_HAL_Driver/Src/stm32f4xx_hal_tim.c.obj
                0x08001b24                HAL_TIM_ErrorCallback
 .text.TIM_DMAError
                0x08001b38       0x92 cmake/stm32cubemx/CMakeFiles/STM32_Drivers.dir/__/__/Drivers/STM32F4xx_HAL_Driver/Src/stm32f4xx_hal_tim.c.obj
                0x08001b38                TIM_DMAError
 .text.TIM_DMADelayPulseCplt
                0x08001bca       0xa8 cmake/stm32cubemx/CMakeFiles/STM32_Drivers.dir/__/__/Drivers/STM32F4xx_HAL_Driver/Src/stm32f4xx_hal_tim.c.obj
 .text.TIM_DMADelayPulseHalfCplt
                0x08001c72       0x68 cmake/stm32cubemx/CMakeFiles/STM32_Drivers.dir/__/__/Drivers/STM32F4xx_HAL_Driver/Src/stm32f4xx_hal_tim.c.obj
                0x08001c72                TIM_DMADelayPulseHalfCplt
 *fill*         0x08001cda        0x2 
 .text.TIM_Base_SetConfig
                0x08001cdc      0x14c cmake/stm32cubemx/CMakeFiles/STM32_Drivers.dir/__/__/Drivers/STM32F4xx_HAL_Driver/Src/stm32f4xx_hal_tim.c.obj
                0x08001cdc                TIM_Base_SetConfig
 .text.TIM_OC1_SetConfig
                0x08001e28       0xe0 cmake/stm32cubemx/CMakeFiles/STM32_Drivers.dir/__/__/Drivers/STM32F4xx_HAL_Driver/Src/stm32f4xx_hal_tim.c.obj
 .text.TIM_OC2_SetConfig
                0x08001f08       0xec cmake/stm32cubemx/CMakeFiles/STM32_Drivers.dir/__/__/Drivers/STM32F4xx_HAL_Driver/Src/stm32f4xx_hal_tim.c.obj
                0x08001f08                TIM_OC2_SetConfig
 .text.TIM_OC3_SetConfig
                0x08001ff4       0xe8 cmake/stm32cubemx/CMakeFiles/STM32_Drivers.dir/__/__/Drivers/STM32F4xx_HAL_Driver/Src/stm32f4xx_hal_tim.c.obj
 .text.TIM_OC4_SetConfig
                0x080020dc       0xac cmake/stm32cubemx/CMakeFiles/STM32_Drivers.dir/__/__/Drivers/STM32F4xx_HAL_Driver/Src/stm32f4xx_hal_tim.c.obj
 .text.TIM_CCxChannelCmd
                0x08002188       0x4a cmake/stm32cubemx/CMakeFiles/STM32_Drivers.dir/__/__/Drivers/STM32F4xx_HAL_Driver/Src/stm32f4xx_hal_tim.c.obj
                0x08002188                TIM_CCxChannelCmd
 *fill*         0x080021d2        0x2 
 .text.HAL_TIMEx_MasterConfigSynchronization
                0x080021d4       0xf8 cmake/stm32cubemx/CMakeFiles/STM32_Drivers.dir/__/__/Drivers/STM32F4xx_HAL_Driver/Src/stm32f4xx_hal_tim_ex.c.obj
                0x080021d4                HAL_TIMEx_MasterConfigSynchronization
 .text.HAL_TIMEx_ConfigBreakDeadTime
                0x080022cc       0xa4 cmake/stm32cubemx/CMakeFiles/STM32_Drivers.dir/__/__/Drivers/STM32F4xx_HAL_Driver/Src/stm32f4xx_hal_tim_ex.c.obj
                0x080022cc                HAL_TIMEx_ConfigBreakDeadTime
 .text.HAL_TIMEx_CommutCallback
                0x08002370       0x14 cmake/stm32cubemx/CMakeFiles/STM32_Drivers.dir/__/__/Drivers/STM32F4xx_HAL_Driver/Src/stm32f4xx_hal_tim_ex.c.obj
                0x08002370                HAL_TIMEx_CommutCallback
 .text.HAL_TIMEx_BreakCallback
                0x08002384       0x14 cmake/stm32cubemx/CMakeFiles/STM32_Drivers.dir/__/__/Drivers/STM32F4xx_HAL_Driver/Src/stm32f4xx_hal_tim_ex.c.obj
                0x08002384                HAL_TIMEx_BreakCallback
 .text.HAL_RCC_OscConfig
                0x08002398      0x4f0 cmake/stm32cubemx/CMakeFiles/STM32_Drivers.dir/__/__/Drivers/STM32F4xx_HAL_Driver/Src/stm32f4xx_hal_rcc.c.obj
                0x08002398                HAL_RCC_OscConfig
 .text.HAL_RCC_ClockConfig
                0x08002888      0x1cc cmake/stm32cubemx/CMakeFiles/STM32_Drivers.dir/__/__/Drivers/STM32F4xx_HAL_Driver/Src/stm32f4xx_hal_rcc.c.obj
                0x08002888                HAL_RCC_ClockConfig
 .text.HAL_RCC_GetSysClockFreq
                0x08002a54      0x18c cmake/stm32cubemx/CMakeFiles/STM32_Drivers.dir/__/__/Drivers/STM32F4xx_HAL_Driver/Src/stm32f4xx_hal_rcc.c.obj
                0x08002a54                HAL_RCC_GetSysClockFreq
 .text.HAL_RCC_GetHCLKFreq
                0x08002be0       0x18 cmake/stm32cubemx/CMakeFiles/STM32_Drivers.dir/__/__/Drivers/STM32F4xx_HAL_Driver/Src/stm32f4xx_hal_rcc.c.obj
                0x08002be0                HAL_RCC_GetHCLKFreq
 .text.HAL_RCC_GetPCLK1Freq
                0x08002bf8       0x28 cmake/stm32cubemx/CMakeFiles/STM32_Drivers.dir/__/__/Drivers/STM32F4xx_HAL_Driver/Src/stm32f4xx_hal_rcc.c.obj
                0x08002bf8                HAL_RCC_GetPCLK1Freq
 .text.HAL_RCC_GetPCLK2Freq
                0x08002c20       0x28 cmake/stm32cubemx/CMakeFiles/STM32_Drivers.dir/__/__/Drivers/STM32F4xx_HAL_Driver/Src/stm32f4xx_hal_rcc.c.obj
                0x08002c20                HAL_RCC_GetPCLK2Freq
 .text.HAL_RCC_GetClockConfig
                0x08002c48       0x64 cmake/stm32cubemx/CMakeFiles/STM32_Drivers.dir/__/__/Drivers/STM32F4xx_HAL_Driver/Src/stm32f4xx_hal_rcc.c.obj
                0x08002c48                HAL_RCC_GetClockConfig
 .text.HAL_GPIO_Init
                0x08002cac      0x338 cmake/stm32cubemx/CMakeFiles/STM32_Drivers.dir/__/__/Drivers/STM32F4xx_HAL_Driver/Src/stm32f4xx_hal_gpio.c.obj
                0x08002cac                HAL_GPIO_Init
 .text.HAL_GPIO_ReadPin
                0x08002fe4       0x30 cmake/stm32cubemx/CMakeFiles/STM32_Drivers.dir/__/__/Drivers/STM32F4xx_HAL_Driver/Src/stm32f4xx_hal_gpio.c.obj
                0x08002fe4                HAL_GPIO_ReadPin
 .text.HAL_GPIO_WritePin
                0x08003014       0x32 cmake/stm32cubemx/CMakeFiles/STM32_Drivers.dir/__/__/Drivers/STM32F4xx_HAL_Driver/Src/stm32f4xx_hal_gpio.c.obj
                0x08003014                HAL_GPIO_WritePin
 *fill*         0x08003046        0x2 
 .text.HAL_GPIO_EXTI_IRQHandler
                0x08003048       0x30 cmake/stm32cubemx/CMakeFiles/STM32_Drivers.dir/__/__/Drivers/STM32F4xx_HAL_Driver/Src/stm32f4xx_hal_gpio.c.obj
                0x08003048                HAL_GPIO_EXTI_IRQHandler
 .text.HAL_DMA_Start_IT
                0x08003078       0xb0 cmake/stm32cubemx/CMakeFiles/STM32_Drivers.dir/__/__/Drivers/STM32F4xx_HAL_Driver/Src/stm32f4xx_hal_dma.c.obj
                0x08003078                HAL_DMA_Start_IT
 .text.DMA_SetConfig
                0x08003128       0x5c cmake/stm32cubemx/CMakeFiles/STM32_Drivers.dir/__/__/Drivers/STM32F4xx_HAL_Driver/Src/stm32f4xx_hal_dma.c.obj
 .text.__NVIC_SetPriorityGrouping
                0x08003184       0x48 cmake/stm32cubemx/CMakeFiles/STM32_Drivers.dir/__/__/Drivers/STM32F4xx_HAL_Driver/Src/stm32f4xx_hal_cortex.c.obj
 .text.__NVIC_GetPriorityGrouping
                0x080031cc       0x1c cmake/stm32cubemx/CMakeFiles/STM32_Drivers.dir/__/__/Drivers/STM32F4xx_HAL_Driver/Src/stm32f4xx_hal_cortex.c.obj
 .text.__NVIC_EnableIRQ
                0x080031e8       0x3c cmake/stm32cubemx/CMakeFiles/STM32_Drivers.dir/__/__/Drivers/STM32F4xx_HAL_Driver/Src/stm32f4xx_hal_cortex.c.obj
 .text.__NVIC_SetPriority
                0x08003224       0x54 cmake/stm32cubemx/CMakeFiles/STM32_Drivers.dir/__/__/Drivers/STM32F4xx_HAL_Driver/Src/stm32f4xx_hal_cortex.c.obj
 .text.NVIC_EncodePriority
                0x08003278       0x66 cmake/stm32cubemx/CMakeFiles/STM32_Drivers.dir/__/__/Drivers/STM32F4xx_HAL_Driver/Src/stm32f4xx_hal_cortex.c.obj
 .text.HAL_NVIC_SetPriorityGrouping
                0x080032de       0x16 cmake/stm32cubemx/CMakeFiles/STM32_Drivers.dir/__/__/Drivers/STM32F4xx_HAL_Driver/Src/stm32f4xx_hal_cortex.c.obj
                0x080032de                HAL_NVIC_SetPriorityGrouping
 .text.HAL_NVIC_SetPriority
                0x080032f4       0x38 cmake/stm32cubemx/CMakeFiles/STM32_Drivers.dir/__/__/Drivers/STM32F4xx_HAL_Driver/Src/stm32f4xx_hal_cortex.c.obj
                0x080032f4                HAL_NVIC_SetPriority
 .text.HAL_NVIC_EnableIRQ
                0x0800332c       0x1c cmake/stm32cubemx/CMakeFiles/STM32_Drivers.dir/__/__/Drivers/STM32F4xx_HAL_Driver/Src/stm32f4xx_hal_cortex.c.obj
                0x0800332c                HAL_NVIC_EnableIRQ
 .text.HAL_Init
                0x08003348       0x44 cmake/stm32cubemx/CMakeFiles/STM32_Drivers.dir/__/__/Drivers/STM32F4xx_HAL_Driver/Src/stm32f4xx_hal.c.obj
                0x08003348                HAL_Init
 .text.HAL_IncTick
                0x0800338c       0x28 cmake/stm32cubemx/CMakeFiles/STM32_Drivers.dir/__/__/Drivers/STM32F4xx_HAL_Driver/Src/stm32f4xx_hal.c.obj
                0x0800338c                HAL_IncTick
 .text.HAL_GetTick
                0x080033b4       0x18 cmake/stm32cubemx/CMakeFiles/STM32_Drivers.dir/__/__/Drivers/STM32F4xx_HAL_Driver/Src/stm32f4xx_hal.c.obj
                0x080033b4                HAL_GetTick
 .text.HAL_UART_Init
                0x080033cc       0xa0 cmake/stm32cubemx/CMakeFiles/STM32_Drivers.dir/__/__/Drivers/STM32F4xx_HAL_Driver/Src/stm32f4xx_hal_uart.c.obj
                0x080033cc                HAL_UART_Init
 .text.UART_SetConfig
                0x0800346c      0x4e8 cmake/stm32cubemx/CMakeFiles/STM32_Drivers.dir/__/__/Drivers/STM32F4xx_HAL_Driver/Src/stm32f4xx_hal_uart.c.obj
 .text.BSP_Init
                0x08003954        0x8 bsp/CMakeFiles/bsp.dir/bsp_init.c.obj
                0x08003954                BSP_Init
 .text.HAL_GPIO_EXTI_Callback
                0x0800395c       0x40 bsp/CMakeFiles/bsp.dir/GPIO/bsp_gpio.c.obj
                0x0800395c                HAL_GPIO_EXTI_Callback
 .text.BSP_PWM_Device_Init
                0x0800399c       0xb0 bsp/CMakeFiles/bsp.dir/PWM/bsp_pwm.c.obj
                0x0800399c                BSP_PWM_Device_Init
 .text.BSP_PWM_Start
                0x08003a4c       0xa0 bsp/CMakeFiles/bsp.dir/PWM/bsp_pwm.c.obj
                0x08003a4c                BSP_PWM_Start
 .text.BSP_PWM_SetDutyCycle
                0x08003aec       0x50 bsp/CMakeFiles/bsp.dir/PWM/bsp_pwm.c.obj
                0x08003aec                BSP_PWM_SetDutyCycle
 .text.HAL_TIM_PWM_PulseFinishedCallback
                0x08003b3c       0x30 bsp/CMakeFiles/bsp.dir/PWM/bsp_pwm.c.obj
                0x08003b3c                HAL_TIM_PWM_PulseFinishedCallback
 .text.BSP_DWT_Init
                0x08003b6c       0x6c bsp/CMakeFiles/bsp.dir/DWT/bsp_dwt.c.obj
                0x08003b6c                BSP_DWT_Init
 .text.BSP_DWT_GetDeltaT
                0x08003bd8       0x70 bsp/CMakeFiles/bsp.dir/DWT/bsp_dwt.c.obj
                0x08003bd8                BSP_DWT_GetDeltaT
 .text.BSP_DWT_Delay
                0x08003c48       0x2c bsp/CMakeFiles/bsp.dir/DWT/bsp_dwt.c.obj
                0x08003c48                BSP_DWT_Delay
 .text.BSP_SoftSPI_Device_Init
                0x08003c74       0xe8 bsp/CMakeFiles/bsp.dir/SPI/bsp_softspi.c.obj
                0x08003c74                BSP_SoftSPI_Device_Init
 .text.BSP_SoftSPI_TransmitReceive
                0x08003d5c      0x190 bsp/CMakeFiles/bsp.dir/SPI/bsp_softspi.c.obj
                0x08003d5c                BSP_SoftSPI_TransmitReceive
 .text.UTILS_Init
                0x08003eec        0x4 utils/CMakeFiles/utils.dir/utils_init.c.obj
                0x08003eec                UTILS_Init
 .text._WriteNoCheck
                0x08003ef0       0x34 utils/CMakeFiles/utils.dir/ulog/SEGGER_RTT.c.obj
 .text._WriteBlocking
                0x08003f24       0x60 utils/CMakeFiles/utils.dir/ulog/SEGGER_RTT.c.obj
 .text._DoInit  0x08003f84       0x64 utils/CMakeFiles/utils.dir/ulog/SEGGER_RTT.c.obj
 .text.SEGGER_RTT_WriteNoLock
                0x08003fe8       0x8c utils/CMakeFiles/utils.dir/ulog/SEGGER_RTT.c.obj
                0x08003fe8                SEGGER_RTT_WriteNoLock
 .text.SEGGER_RTT_Write
                0x08004074       0x34 utils/CMakeFiles/utils.dir/ulog/SEGGER_RTT.c.obj
                0x08004074                SEGGER_RTT_Write
 .text.SEGGER_RTT_Init
                0x080040a8        0x4 utils/CMakeFiles/utils.dir/ulog/SEGGER_RTT.c.obj
                0x080040a8                SEGGER_RTT_Init
 .text.ulog_snprintf
                0x080040ac       0x38 utils/CMakeFiles/utils.dir/ulog/ulog.c.obj
 .text.ulog_head_formater.part.0
                0x080040e4       0xc8 utils/CMakeFiles/utils.dir/ulog/ulog.c.obj
 .text.ulog_tail_formater.part.0
                0x080041ac       0x4c utils/CMakeFiles/utils.dir/ulog/ulog.c.obj
 .text.ulog_formater
                0x080041f8       0x7c utils/CMakeFiles/utils.dir/ulog/ulog.c.obj
 .text.ulog_voutput
                0x08004274       0x64 utils/CMakeFiles/utils.dir/ulog/ulog.c.obj
                0x08004274                ulog_voutput
 .text.ulog_output
                0x080042d8       0x20 utils/CMakeFiles/utils.dir/ulog/ulog.c.obj
                0x080042d8                ulog_output
 .text.ulog_init
                0x080042f8       0x18 utils/CMakeFiles/utils.dir/ulog/ulog.c.obj
                0x080042f8                ulog_init
 .text.get_components
                0x08004310      0x114 utils/CMakeFiles/utils.dir/ulog/printf.c.obj
 .text.out_rev_
                0x08004424       0xe8 utils/CMakeFiles/utils.dir/ulog/printf.c.obj
 .text.print_integer
                0x0800450c      0x31c utils/CMakeFiles/utils.dir/ulog/printf.c.obj
 .text.print_broken_up_decimal.isra.0
                0x08004828      0x354 utils/CMakeFiles/utils.dir/ulog/printf.c.obj
 *fill*         0x08004b7c        0x4 
 .text.print_exponential_number
                0x08004b80      0x840 utils/CMakeFiles/utils.dir/ulog/printf.c.obj
 .text.print_floating_point
                0x080053c0      0x1b4 utils/CMakeFiles/utils.dir/ulog/printf.c.obj
 .text.format_string_loop.constprop.0
                0x08005574      0x984 utils/CMakeFiles/utils.dir/ulog/printf.c.obj
 .text.vsnprintf_
                0x08005ef8       0x58 utils/CMakeFiles/utils.dir/ulog/printf.c.obj
                0x08005ef8                vsnprintf_
 .text.MODULE_Init
                0x08005f50       0x24 modules/CMakeFiles/modules.dir/module_init.c.obj
                0x08005f50                MODULE_Init
 .text.remote_task_entry
                0x08005f74       0x18 modules/CMakeFiles/modules.dir/REMOTE/module_remote.c.obj
 .text.Module_Remote_init
                0x08005f8c       0xa0 modules/CMakeFiles/modules.dir/REMOTE/module_remote.c.obj
                0x08005f8c                Module_Remote_init
 .text.Module_Get_Channels
                0x0800602c       0x24 modules/CMakeFiles/modules.dir/REMOTE/module_remote.c.obj
                0x0800602c                Module_Get_Channels
 .text.PS2_Device_Init
                0x08006050       0x50 modules/CMakeFiles/modules.dir/REMOTE/PS2/ps2.c.obj
                0x08006050                PS2_Device_Init
 .text.PS2_decode
                0x080060a0       0x40 modules/CMakeFiles/modules.dir/REMOTE/PS2/ps2.c.obj
                0x080060a0                PS2_decode
 .text.Motor_Register
                0x080060e0       0x10 modules/CMakeFiles/modules.dir/MOTOR/motor_base.c.obj
                0x080060e0                Motor_Register
 .text.Motor_UpdateAll
                0x080060f0       0x20 modules/CMakeFiles/modules.dir/MOTOR/motor_base.c.obj
                0x080060f0                Motor_UpdateAll
 .text.Motor_FeedbackUpdateAll
                0x08006110       0x20 modules/CMakeFiles/modules.dir/MOTOR/motor_base.c.obj
                0x08006110                Motor_FeedbackUpdateAll
 .text.motor_task_entry
                0x08006130       0x10 modules/CMakeFiles/modules.dir/MOTOR/module_motor.c.obj
                0x08006130                motor_task_entry
 .text.motor_decode_task_entry
                0x08006140        0x8 modules/CMakeFiles/modules.dir/MOTOR/module_motor.c.obj
                0x08006140                motor_decode_task_entry
 .text.Module_Motor_init
                0x08006148       0xa0 modules/CMakeFiles/modules.dir/MOTOR/module_motor.c.obj
                0x08006148                Module_Motor_init
 .text.Motor_DC_feedbackUpdate
                0x080061e8       0x74 modules/CMakeFiles/modules.dir/MOTOR/DC_Gear/motor_DC.c.obj
 .text.DC_ControlAndSend
                0x0800625c       0x70 modules/CMakeFiles/modules.dir/MOTOR/DC_Gear/motor_DC.c.obj
 .text.Motor_DC_Init
                0x080062cc       0xf4 modules/CMakeFiles/modules.dir/MOTOR/DC_Gear/motor_DC.c.obj
                0x080062cc                Motor_DC_Init
 .text.DC_Motor_control
                0x080063c0       0x80 modules/CMakeFiles/modules.dir/MOTOR/DC_Gear/motor_DC.c.obj
                0x080063c0                DC_Motor_control
 .text.car_init
                0x08006440       0x68 robot/CMakeFiles/robot.dir/car_init.c.obj
                0x08006440                car_init
 .text.app_init
                0x080064a8        0xc app/CMakeFiles/app.dir/app_init.c.obj
                0x080064a8                app_init
 .text.control_task_entry
                0x080064b4       0xd0 app/CMakeFiles/app.dir/car_control.c.obj
 .text.chassis_init
                0x08006584      0x12c app/CMakeFiles/app.dir/car_control.c.obj
 .text.control_init
                0x080066b0       0x68 app/CMakeFiles/app.dir/car_control.c.obj
                0x080066b0                control_init
 .text.main     0x08006718       0x28 CMakeFiles/base.dir/Core/Src/main.c.obj
                0x08006718                main
 .text.SystemClock_Config
                0x08006740       0xd4 CMakeFiles/base.dir/Core/Src/main.c.obj
                0x08006740                SystemClock_Config
 .text.tx_application_define
                0x08006814       0x14 CMakeFiles/base.dir/Core/Src/main.c.obj
                0x08006814                tx_application_define
 .text.HAL_TIM_PeriodElapsedCallback
                0x08006828       0x24 CMakeFiles/base.dir/Core/Src/main.c.obj
                0x08006828                HAL_TIM_PeriodElapsedCallback
 .text.Error_Handler
                0x0800684c        0xc CMakeFiles/base.dir/Core/Src/main.c.obj
                0x0800684c                Error_Handler
 .text.MX_GPIO_Init
                0x08006858      0x2bc CMakeFiles/base.dir/Core/Src/gpio.c.obj
                0x08006858                MX_GPIO_Init
 .text.MX_TIM2_Init
                0x08006b14       0xc8 CMakeFiles/base.dir/Core/Src/tim.c.obj
                0x08006b14                MX_TIM2_Init
 .text.MX_TIM3_Init
                0x08006bdc       0xc8 CMakeFiles/base.dir/Core/Src/tim.c.obj
                0x08006bdc                MX_TIM3_Init
 .text.MX_TIM8_Init
                0x08006ca4      0x120 CMakeFiles/base.dir/Core/Src/tim.c.obj
                0x08006ca4                MX_TIM8_Init
 .text.HAL_TIM_PWM_MspInit
                0x08006dc4       0xa4 CMakeFiles/base.dir/Core/Src/tim.c.obj
                0x08006dc4                HAL_TIM_PWM_MspInit
 .text.HAL_TIM_MspPostInit
                0x08006e68      0x14c CMakeFiles/base.dir/Core/Src/tim.c.obj
                0x08006e68                HAL_TIM_MspPostInit
 .text.MX_USART1_UART_Init
                0x08006fb4       0x54 CMakeFiles/base.dir/Core/Src/usart.c.obj
                0x08006fb4                MX_USART1_UART_Init
 .text.HAL_UART_MspInit
                0x08007008       0x90 CMakeFiles/base.dir/Core/Src/usart.c.obj
                0x08007008                HAL_UART_MspInit
 .text.NMI_Handler
                0x08007098        0x8 CMakeFiles/base.dir/Core/Src/stm32f4xx_it.c.obj
                0x08007098                NMI_Handler
 .text.HardFault_Handler
                0x080070a0        0x8 CMakeFiles/base.dir/Core/Src/stm32f4xx_it.c.obj
                0x080070a0                HardFault_Handler
 .text.MemManage_Handler
                0x080070a8        0x8 CMakeFiles/base.dir/Core/Src/stm32f4xx_it.c.obj
                0x080070a8                MemManage_Handler
 .text.BusFault_Handler
                0x080070b0        0x8 CMakeFiles/base.dir/Core/Src/stm32f4xx_it.c.obj
                0x080070b0                BusFault_Handler
 .text.UsageFault_Handler
                0x080070b8        0x8 CMakeFiles/base.dir/Core/Src/stm32f4xx_it.c.obj
                0x080070b8                UsageFault_Handler
 .text.SVC_Handler
                0x080070c0        0xe CMakeFiles/base.dir/Core/Src/stm32f4xx_it.c.obj
                0x080070c0                SVC_Handler
 .text.DebugMon_Handler
                0x080070ce        0xe CMakeFiles/base.dir/Core/Src/stm32f4xx_it.c.obj
                0x080070ce                DebugMon_Handler
 .text.EXTI1_IRQHandler
                0x080070dc        0xe CMakeFiles/base.dir/Core/Src/stm32f4xx_it.c.obj
                0x080070dc                EXTI1_IRQHandler
 .text.EXTI3_IRQHandler
                0x080070ea        0xe CMakeFiles/base.dir/Core/Src/stm32f4xx_it.c.obj
                0x080070ea                EXTI3_IRQHandler
 .text.EXTI9_5_IRQHandler
                0x080070f8       0x1c CMakeFiles/base.dir/Core/Src/stm32f4xx_it.c.obj
                0x080070f8                EXTI9_5_IRQHandler
 .text.EXTI15_10_IRQHandler
                0x08007114       0x20 CMakeFiles/base.dir/Core/Src/stm32f4xx_it.c.obj
                0x08007114                EXTI15_10_IRQHandler
 .text.TIM8_TRG_COM_TIM14_IRQHandler
                0x08007134       0x1c CMakeFiles/base.dir/Core/Src/stm32f4xx_it.c.obj
                0x08007134                TIM8_TRG_COM_TIM14_IRQHandler
 .text.HAL_MspInit
                0x08007150       0x50 CMakeFiles/base.dir/Core/Src/stm32f4xx_hal_msp.c.obj
                0x08007150                HAL_MspInit
 .text.HAL_InitTick
                0x080071a0       0xf8 CMakeFiles/base.dir/Core/Src/stm32f4xx_hal_timebase_tim.c.obj
                0x080071a0                HAL_InitTick
 .text._sbrk    0x08007298       0x6c CMakeFiles/base.dir/Core/Src/sysmem.c.obj
                0x08007298                _sbrk
 .text.Reset_Handler
                0x08007304       0x50 CMakeFiles/base.dir/startup_stm32f407xx.s.obj
                0x08007304                Reset_Handler
 .text.Default_Handler
                0x08007354        0x2 CMakeFiles/base.dir/startup_stm32f407xx.s.obj
                0x08007354                RTC_Alarm_IRQHandler
                0x08007354                HASH_RNG_IRQHandler
                0x08007354                EXTI2_IRQHandler
                0x08007354                TIM8_CC_IRQHandler
                0x08007354                TIM1_CC_IRQHandler
                0x08007354                DMA2_Stream5_IRQHandler
                0x08007354                DMA1_Stream5_IRQHandler
                0x08007354                PVD_IRQHandler
                0x08007354                SDIO_IRQHandler
                0x08007354                TAMP_STAMP_IRQHandler
                0x08007354                CAN2_RX1_IRQHandler
                0x08007354                TIM1_UP_TIM10_IRQHandler
                0x08007354                TIM8_UP_TIM13_IRQHandler
                0x08007354                I2C3_ER_IRQHandler
                0x08007354                EXTI0_IRQHandler
                0x08007354                I2C2_EV_IRQHandler
                0x08007354                DMA1_Stream2_IRQHandler
                0x08007354                CAN1_RX0_IRQHandler
                0x08007354                FPU_IRQHandler
                0x08007354                OTG_HS_WKUP_IRQHandler
                0x08007354                CAN2_SCE_IRQHandler
                0x08007354                DMA2_Stream2_IRQHandler
                0x08007354                SPI1_IRQHandler
                0x08007354                TIM6_DAC_IRQHandler
                0x08007354                TIM1_BRK_TIM9_IRQHandler
                0x08007354                DCMI_IRQHandler
                0x08007354                CAN2_RX0_IRQHandler
                0x08007354                DMA2_Stream3_IRQHandler
                0x08007354                USART6_IRQHandler
                0x08007354                USART3_IRQHandler
                0x08007354                CAN1_RX1_IRQHandler
                0x08007354                UART5_IRQHandler
                0x08007354                DMA2_Stream0_IRQHandler
                0x08007354                TIM4_IRQHandler
                0x08007354                I2C1_EV_IRQHandler
                0x08007354                DMA1_Stream6_IRQHandler
                0x08007354                DMA1_Stream1_IRQHandler
                0x08007354                UART4_IRQHandler
                0x08007354                TIM3_IRQHandler
                0x08007354                RCC_IRQHandler
                0x08007354                TIM8_BRK_TIM12_IRQHandler
                0x08007354                Default_Handler
                0x08007354                ADC_IRQHandler
                0x08007354                DMA1_Stream7_IRQHandler
                0x08007354                TIM7_IRQHandler
                0x08007354                CAN2_TX_IRQHandler
                0x08007354                TIM5_IRQHandler
                0x08007354                DMA2_Stream7_IRQHandler
                0x08007354                I2C3_EV_IRQHandler
                0x08007354                RTC_WKUP_IRQHandler
                0x08007354                ETH_WKUP_IRQHandler
                0x08007354                SPI2_IRQHandler
                0x08007354                OTG_HS_EP1_IN_IRQHandler
                0x08007354                DMA1_Stream0_IRQHandler
                0x08007354                CAN1_TX_IRQHandler
                0x08007354                EXTI4_IRQHandler
                0x08007354                FSMC_IRQHandler
                0x08007354                ETH_IRQHandler
                0x08007354                OTG_HS_EP1_OUT_IRQHandler
                0x08007354                WWDG_IRQHandler
                0x08007354                TIM2_IRQHandler
                0x08007354                OTG_FS_WKUP_IRQHandler
                0x08007354                TIM1_TRG_COM_TIM11_IRQHandler
                0x08007354                OTG_HS_IRQHandler
                0x08007354                USART2_IRQHandler
                0x08007354                I2C2_ER_IRQHandler
                0x08007354                DMA2_Stream1_IRQHandler
                0x08007354                CAN1_SCE_IRQHandler
                0x08007354                FLASH_IRQHandler
                0x08007354                DMA2_Stream4_IRQHandler
                0x08007354                USART1_IRQHandler
                0x08007354                OTG_FS_IRQHandler
                0x08007354                SPI3_IRQHandler
                0x08007354                DMA1_Stream4_IRQHandler
                0x08007354                I2C1_ER_IRQHandler
                0x08007354                DMA2_Stream6_IRQHandler
                0x08007354                DMA1_Stream3_IRQHandler
 *fill*         0x08007356        0x2 
 .text._tx_initialize_kernel_enter
                0x08007358       0x48 threadx/libthreadx.a(tx_initialize_kernel_enter.c.obj)
                0x08007358                _tx_initialize_kernel_enter
 .text._tx_thread_identify
                0x080073a0       0x14 threadx/libthreadx.a(tx_thread_identify.c.obj)
                0x080073a0                _tx_thread_identify
 .text._tx_thread_initialize
                0x080073b4       0x68 threadx/libthreadx.a(tx_thread_initialize.c.obj)
                0x080073b4                _tx_thread_initialize
 .text._tx_thread_sleep
                0x0800741c       0x54 threadx/libthreadx.a(tx_thread_sleep.c.obj)
                0x0800741c                _tx_thread_sleep
 .text._tx_thread_system_ni_suspend
                0x08007470       0xe8 threadx/libthreadx.a(tx_thread_system_suspend.c.obj)
                0x08007470                _tx_thread_system_ni_suspend
 .text._tx_timer_initialize
                0x08007558       0x74 threadx/libthreadx.a(tx_timer_initialize.c.obj)
                0x08007558                _tx_timer_initialize
 .text._tx_timer_system_activate
                0x080075cc       0x58 threadx/libthreadx.a(tx_timer_system_activate.c.obj)
                0x080075cc                _tx_timer_system_activate
 .text._txe_byte_allocate
                0x08007624       0x6c threadx/libthreadx.a(txe_byte_allocate.c.obj)
                0x08007624                _txe_byte_allocate
 .text._txe_byte_pool_create
                0x08007690      0x148 threadx/libthreadx.a(txe_byte_pool_create.c.obj)
                0x08007690                _txe_byte_pool_create
 .text._txe_byte_release
                0x080077d8       0x2c threadx/libthreadx.a(txe_byte_release.c.obj)
                0x080077d8                _txe_byte_release
 .text._txe_event_flags_create
                0x08007804      0x130 threadx/libthreadx.a(txe_event_flags_create.c.obj)
                0x08007804                _txe_event_flags_create
 .text._txe_event_flags_get
                0x08007934       0x44 threadx/libthreadx.a(txe_event_flags_get.c.obj)
                0x08007934                _txe_event_flags_get
 .text._txe_event_flags_set
                0x08007978       0x34 threadx/libthreadx.a(txe_event_flags_set.c.obj)
                0x08007978                _txe_event_flags_set
 .text._txe_mutex_create
                0x080079ac      0x13c threadx/libthreadx.a(txe_mutex_create.c.obj)
                0x080079ac                _txe_mutex_create
 .text._txe_mutex_get
                0x08007ae8       0x50 threadx/libthreadx.a(txe_mutex_get.c.obj)
                0x08007ae8                _txe_mutex_get
 .text._txe_mutex_put
                0x08007b38       0x38 threadx/libthreadx.a(txe_mutex_put.c.obj)
                0x08007b38                _txe_mutex_put
 .text._txe_thread_create
                0x08007b70      0x29c threadx/libthreadx.a(txe_thread_create.c.obj)
                0x08007b70                _txe_thread_create
 .text._tx_initialize_high_level
                0x08007e0c       0x70 threadx/libthreadx.a(tx_initialize_high_level.c.obj)
                0x08007e0c                _tx_initialize_high_level
 .text._tx_byte_allocate
                0x08007e7c       0xac threadx/libthreadx.a(tx_byte_allocate.c.obj)
                0x08007e7c                _tx_byte_allocate
 .text._tx_byte_pool_cleanup
                0x08007f28       0x50 threadx/libthreadx.a(tx_byte_pool_cleanup.c.obj)
                0x08007f28                _tx_byte_pool_cleanup
 .text._tx_byte_pool_create
                0x08007f78       0x84 threadx/libthreadx.a(tx_byte_pool_create.c.obj)
                0x08007f78                _tx_byte_pool_create
 .text._tx_byte_pool_search
                0x08007ffc       0xf0 threadx/libthreadx.a(tx_byte_pool_search.c.obj)
                0x08007ffc                _tx_byte_pool_search
 .text._tx_byte_release
                0x080080ec       0xf8 threadx/libthreadx.a(tx_byte_release.c.obj)
                0x080080ec                _tx_byte_release
 .text._tx_event_flags_create
                0x080081e4       0x50 threadx/libthreadx.a(tx_event_flags_create.c.obj)
                0x080081e4                _tx_event_flags_create
 .text._tx_event_flags_get
                0x08008234       0xa0 threadx/libthreadx.a(tx_event_flags_get.c.obj)
                0x08008234                _tx_event_flags_get
 .text._tx_event_flags_set
                0x080082d4      0x39c threadx/libthreadx.a(tx_event_flags_set.c.obj)
                0x080082d4                _tx_event_flags_set
 .text._tx_mutex_create
                0x08008670       0x60 threadx/libthreadx.a(tx_mutex_create.c.obj)
                0x08008670                _tx_mutex_create
 .text._tx_mutex_get
                0x080086d0       0xe8 threadx/libthreadx.a(tx_mutex_get.c.obj)
                0x080086d0                _tx_mutex_get
 .text._tx_mutex_priority_change
                0x080087b8       0x9c threadx/libthreadx.a(tx_mutex_priority_change.c.obj)
                0x080087b8                _tx_mutex_priority_change
 .text._tx_mutex_put
                0x08008854      0x1b4 threadx/libthreadx.a(tx_mutex_put.c.obj)
                0x08008854                _tx_mutex_put
 .text._tx_thread_create
                0x08008a08      0x108 threadx/libthreadx.a(tx_thread_create.c.obj)
                0x08008a08                _tx_thread_create
 .text._tx_thread_shell_entry
                0x08008b10       0x44 threadx/libthreadx.a(tx_thread_shell_entry.c.obj)
                0x08008b10                _tx_thread_shell_entry
 .text._tx_thread_system_preempt_check
                0x08008b54       0x3c threadx/libthreadx.a(tx_thread_system_preempt_check.c.obj)
                0x08008b54                _tx_thread_system_preempt_check
 .text._tx_thread_system_ni_resume
                0x08008b90       0xb8 threadx/libthreadx.a(tx_thread_system_resume.c.obj)
                0x08008b90                _tx_thread_system_ni_resume
 .text._tx_thread_time_slice
                0x08008c48       0x6c threadx/libthreadx.a(tx_thread_time_slice.c.obj)
                0x08008c48                _tx_thread_time_slice
 .text._tx_thread_timeout
                0x08008cb4       0x28 threadx/libthreadx.a(tx_thread_timeout.c.obj)
                0x08008cb4                _tx_thread_timeout
 .text._tx_timer_expiration_process
                0x08008cdc      0x13c threadx/libthreadx.a(tx_timer_expiration_process.c.obj)
                0x08008cdc                _tx_timer_expiration_process
 .text._tx_timer_system_deactivate
                0x08008e18       0x2c threadx/libthreadx.a(tx_timer_system_deactivate.c.obj)
                0x08008e18                _tx_timer_system_deactivate
 .text._tx_event_flags_cleanup
                0x08008e44       0x60 threadx/libthreadx.a(tx_event_flags_cleanup.c.obj)
                0x08008e44                _tx_event_flags_cleanup
 .text._tx_mutex_cleanup
                0x08008ea4       0x50 threadx/libthreadx.a(tx_mutex_cleanup.c.obj)
                0x08008ea4                _tx_mutex_cleanup
 .text._tx_mutex_thread_release
                0x08008ef4       0x44 threadx/libthreadx.a(tx_mutex_cleanup.c.obj)
                0x08008ef4                _tx_mutex_thread_release
 .text._tx_mutex_prioritize
                0x08008f38       0x98 threadx/libthreadx.a(tx_mutex_prioritize.c.obj)
                0x08008f38                _tx_mutex_prioritize
 .text.__fixdfdi
                0x08008fd0       0x30 D:/robomaster/toolchains/arm-gnu-toolchain/bin/../lib/gcc/arm-none-eabi/13.3.1/thumb/v7e-m+fp/hard\libgcc.a(_fixdfdi.o)
                0x08008fd0                __fixdfdi
                0x08008fd0                __aeabi_d2lz
 .text.__fixunsdfdi
                0x08009000       0x3c D:/robomaster/toolchains/arm-gnu-toolchain/bin/../lib/gcc/arm-none-eabi/13.3.1/thumb/v7e-m+fp/hard\libgcc.a(_fixunsdfdi.o)
                0x08009000                __fixunsdfdi
                0x08009000                __aeabi_d2ulz
 .text.__udivmoddi4
                0x0800903c      0x2bc D:/robomaster/toolchains/arm-gnu-toolchain/bin/../lib/gcc/arm-none-eabi/13.3.1/thumb/v7e-m+fp/hard\libgcc.a(_udivmoddi4.o)
                0x0800903c                __udivmoddi4
 .text.malloc   0x080092f8       0x10 D:/robomaster/toolchains/arm-gnu-toolchain/bin/../lib/gcc/arm-none-eabi/13.3.1/thumb/v7e-m+fp/hard\libg_nano.a(libc_a-malloc.o)
                0x080092f8                malloc
 .text.sbrk_aligned
                0x08009308       0x44 D:/robomaster/toolchains/arm-gnu-toolchain/bin/../lib/gcc/arm-none-eabi/13.3.1/thumb/v7e-m+fp/hard\libg_nano.a(libc_a-mallocr.o)
 .text._malloc_r
                0x0800934c      0x100 D:/robomaster/toolchains/arm-gnu-toolchain/bin/../lib/gcc/arm-none-eabi/13.3.1/thumb/v7e-m+fp/hard\libg_nano.a(libc_a-mallocr.o)
                0x0800934c                _malloc_r
 .text.__malloc_lock
                0x0800944c        0xc D:/robomaster/toolchains/arm-gnu-toolchain/bin/../lib/gcc/arm-none-eabi/13.3.1/thumb/v7e-m+fp/hard\libg_nano.a(libc_a-mlock.o)
                0x0800944c                __malloc_lock
 .text.__malloc_unlock
                0x08009458        0xc D:/robomaster/toolchains/arm-gnu-toolchain/bin/../lib/gcc/arm-none-eabi/13.3.1/thumb/v7e-m+fp/hard\libg_nano.a(libc_a-mlock.o)
                0x08009458                __malloc_unlock
 .text.memset   0x08009464       0x10 D:/robomaster/toolchains/arm-gnu-toolchain/bin/../lib/gcc/arm-none-eabi/13.3.1/thumb/v7e-m+fp/hard\libg_nano.a(libc_a-memset.o)
                0x08009464                memset
 .text._sbrk_r  0x08009474       0x20 D:/robomaster/toolchains/arm-gnu-toolchain/bin/../lib/gcc/arm-none-eabi/13.3.1/thumb/v7e-m+fp/hard\libg_nano.a(libc_a-sbrkr.o)
                0x08009474                _sbrk_r
 .text.__errno  0x08009494        0xc D:/robomaster/toolchains/arm-gnu-toolchain/bin/../lib/gcc/arm-none-eabi/13.3.1/thumb/v7e-m+fp/hard\libg_nano.a(libc_a-errno.o)
                0x08009494                __errno
 .text.__libc_init_array
                0x080094a0       0x48 D:/robomaster/toolchains/arm-gnu-toolchain/bin/../lib/gcc/arm-none-eabi/13.3.1/thumb/v7e-m+fp/hard\libg_nano.a(libc_a-init.o)
                0x080094a0                __libc_init_array
 .text.__retarget_lock_acquire_recursive
                0x080094e8        0x2 D:/robomaster/toolchains/arm-gnu-toolchain/bin/../lib/gcc/arm-none-eabi/13.3.1/thumb/v7e-m+fp/hard\libg_nano.a(libc_a-lock.o)
                0x080094e8                __retarget_lock_acquire_recursive
 .text.__retarget_lock_release_recursive
                0x080094ea        0x2 D:/robomaster/toolchains/arm-gnu-toolchain/bin/../lib/gcc/arm-none-eabi/13.3.1/thumb/v7e-m+fp/hard\libg_nano.a(libc_a-lock.o)
                0x080094ea                __retarget_lock_release_recursive
 .text.memcpy   0x080094ec       0x1c D:/robomaster/toolchains/arm-gnu-toolchain/bin/../lib/gcc/arm-none-eabi/13.3.1/thumb/v7e-m+fp/hard\libg_nano.a(libc_a-memcpy-stub.o)
                0x080094ec                memcpy
 *(.glue_7)
 .glue_7        0x08009508        0x0 linker stubs
 *(.glue_7t)
 .glue_7t       0x08009508        0x0 linker stubs
 *(.eh_frame)
 .eh_frame      0x08009508        0x0 D:/robomaster/toolchains/arm-gnu-toolchain/bin/../lib/gcc/arm-none-eabi/13.3.1/thumb/v7e-m+fp/hard/crtbegin.o
 *(.init)
 .init          0x08009508        0x4 D:/robomaster/toolchains/arm-gnu-toolchain/bin/../lib/gcc/arm-none-eabi/13.3.1/thumb/v7e-m+fp/hard/crti.o
                0x08009508                _init
 .init          0x0800950c        0x8 D:/robomaster/toolchains/arm-gnu-toolchain/bin/../lib/gcc/arm-none-eabi/13.3.1/thumb/v7e-m+fp/hard/crtn.o
 *(.fini)
 .fini          0x08009514        0x4 D:/robomaster/toolchains/arm-gnu-toolchain/bin/../lib/gcc/arm-none-eabi/13.3.1/thumb/v7e-m+fp/hard/crti.o
                0x08009514                _fini
 .fini          0x08009518        0x8 D:/robomaster/toolchains/arm-gnu-toolchain/bin/../lib/gcc/arm-none-eabi/13.3.1/thumb/v7e-m+fp/hard/crtn.o
                0x08009520                        . = ALIGN (0x4)
                0x08009520                        _etext = .

.vfp11_veneer   0x08009520        0x0
 .vfp11_veneer  0x08009520        0x0 linker stubs

.v4_bx          0x08009520        0x0
 .v4_bx         0x08009520        0x0 linker stubs

.iplt           0x08009520        0x0
 .iplt          0x08009520        0x0 D:/robomaster/toolchains/arm-gnu-toolchain/bin/../lib/gcc/arm-none-eabi/13.3.1/thumb/v7e-m+fp/hard/crtbegin.o

.rodata         0x08009520      0x4b8
                0x08009520                        . = ALIGN (0x4)
 *(.rodata)
 .rodata        0x08009520       0x28 modules/CMakeFiles/modules.dir/REMOTE/PS2/ps2.c.obj
 .rodata        0x08009548       0x4c robot/CMakeFiles/robot.dir/car_init.c.obj
 .rodata        0x08009594       0x38 app/CMakeFiles/app.dir/car_control.c.obj
 *(.rodata*)
 .rodata.AHBPrescTable
                0x080095cc       0x10 cmake/stm32cubemx/CMakeFiles/STM32_Drivers.dir/__/__/Core/Src/system_stm32f4xx.c.obj
                0x080095cc                AHBPrescTable
 .rodata.APBPrescTable
                0x080095dc        0x8 cmake/stm32cubemx/CMakeFiles/STM32_Drivers.dir/__/__/Core/Src/system_stm32f4xx.c.obj
                0x080095dc                APBPrescTable
 .rodata.BSP_PWM_Device_Init.str1.4
                0x080095e4      0x330 bsp/CMakeFiles/bsp.dir/PWM/bsp_pwm.c.obj
                                 0x56 (size before relaxing)
 .rodata.BSP_PWM_Start.str1.4
                0x08009914       0x6b bsp/CMakeFiles/bsp.dir/PWM/bsp_pwm.c.obj
 .rodata.BSP_SoftSPI_Device_Init.str1.4
                0x08009914       0x31 bsp/CMakeFiles/bsp.dir/SPI/bsp_softspi.c.obj
 .rodata.BSP_SoftSPI_TransmitReceive.str1.4
                0x08009914       0x38 bsp/CMakeFiles/bsp.dir/SPI/bsp_softspi.c.obj
 .rodata._DoInit.str1.4
                0x08009914        0x9 utils/CMakeFiles/utils.dir/ulog/SEGGER_RTT.c.obj
 .rodata._aInitStr.0
                0x08009914       0x11 utils/CMakeFiles/utils.dir/ulog/SEGGER_RTT.c.obj
 .rodata.ulog_head_formater.part.0.str1.4
                0x08009925       0x33 utils/CMakeFiles/utils.dir/ulog/ulog.c.obj
 .rodata.ulog_tail_formater.part.0.str1.4
                0x08009925        0xd utils/CMakeFiles/utils.dir/ulog/ulog.c.obj
 .rodata.str1.4
                0x08009925       0x10 utils/CMakeFiles/utils.dir/ulog/ulog.c.obj
 *fill*         0x08009925        0x3 
 .rodata.color_output_info
                0x08009928       0x20 utils/CMakeFiles/utils.dir/ulog/ulog.c.obj
 .rodata.print_floating_point.str1.4
                0x08009948       0x15 utils/CMakeFiles/utils.dir/ulog/printf.c.obj
 .rodata.format_string_loop.constprop.0.str1.4
                0x08009948        0xe utils/CMakeFiles/utils.dir/ulog/printf.c.obj
 .rodata.powers_of_10
                0x08009948       0x90 utils/CMakeFiles/utils.dir/ulog/printf.c.obj
 .rodata.MODULE_Init.str1.4
                0x080099d8       0x21 modules/CMakeFiles/modules.dir/module_init.c.obj
 .rodata.Module_Remote_init.str1.4
                0x080099d8       0x73 modules/CMakeFiles/modules.dir/REMOTE/module_remote.c.obj
 .rodata.PS2_Device_Init.str1.4
                0x080099d8       0x23 modules/CMakeFiles/modules.dir/REMOTE/PS2/ps2.c.obj
 .rodata.str1.4
                0x080099d8        0x6 modules/CMakeFiles/modules.dir/REMOTE/PS2/ps2.c.obj
 .rodata.Module_Motor_init.str1.4
                0x080099d8       0x61 modules/CMakeFiles/modules.dir/MOTOR/module_motor.c.obj
 .rodata.Motor_DC_Init.str1.4
                0x080099d8       0x54 modules/CMakeFiles/modules.dir/MOTOR/DC_Gear/motor_DC.c.obj
                0x08009a4c                        . = ALIGN (0x4)

.ARM.extab      0x080099d8        0x0
                0x080099d8                        . = ALIGN (0x4)
 *(.ARM.extab* .gnu.linkonce.armextab.*)
                0x080099d8                        . = ALIGN (0x4)

.ARM            0x080099d8        0x8
                0x080099d8                        . = ALIGN (0x4)
                0x080099d8                        __exidx_start = .
 *(.ARM.exidx*)
 .ARM.exidx.text.__udivmoddi4
                0x080099d8        0x8 D:/robomaster/toolchains/arm-gnu-toolchain/bin/../lib/gcc/arm-none-eabi/13.3.1/thumb/v7e-m+fp/hard\libgcc.a(_udivmoddi4.o)
                0x080099e0                        __exidx_end = .
                0x080099e0                        . = ALIGN (0x4)

.preinit_array  0x080099e0        0x0
                0x080099e0                        . = ALIGN (0x4)
                0x080099e0                        PROVIDE (__preinit_array_start = .)
 *(.preinit_array*)
                0x080099e0                        PROVIDE (__preinit_array_end = .)
                0x080099e0                        . = ALIGN (0x4)

.init_array     0x080099e0        0x4
                0x080099e0                        . = ALIGN (0x4)
                0x080099e0                        PROVIDE (__init_array_start = .)
 *(SORT_BY_NAME(.init_array.*))
 *(.init_array*)
 .init_array    0x080099e0        0x4 D:/robomaster/toolchains/arm-gnu-toolchain/bin/../lib/gcc/arm-none-eabi/13.3.1/thumb/v7e-m+fp/hard/crtbegin.o
                0x080099e4                        PROVIDE (__init_array_end = .)
                0x080099e4                        . = ALIGN (0x4)

.fini_array     0x080099e4        0x4
                0x080099e4                        . = ALIGN (0x4)
                [!provide]                        PROVIDE (__fini_array_start = .)
 *(SORT_BY_NAME(.fini_array.*))
 *(.fini_array*)
 .fini_array    0x080099e4        0x4 D:/robomaster/toolchains/arm-gnu-toolchain/bin/../lib/gcc/arm-none-eabi/13.3.1/thumb/v7e-m+fp/hard/crtbegin.o
                [!provide]                        PROVIDE (__fini_array_end = .)
                0x080099e8                        . = ALIGN (0x4)
                0x080099e8                        _siccmram = LOADADDR (.ccmram)

.rel.dyn        0x080099e8        0x0
 .rel.iplt      0x080099e8        0x0 D:/robomaster/toolchains/arm-gnu-toolchain/bin/../lib/gcc/arm-none-eabi/13.3.1/thumb/v7e-m+fp/hard/crtbegin.o

.ccmram         0x10000000     0x1000 load address 0x080099e8
                0x10000000                        . = ALIGN (0x4)
                0x10000000                        _sccmram = .
 *(.ccmram)
 .ccmram        0x10000000      0x400 modules/CMakeFiles/modules.dir/REMOTE/module_remote.c.obj
 .ccmram        0x10000400      0x800 modules/CMakeFiles/modules.dir/MOTOR/module_motor.c.obj
 .ccmram        0x10000c00      0x400 app/CMakeFiles/app.dir/car_control.c.obj
 *(.ccmram*)
                0x10001000                        . = ALIGN (0x4)
                0x10001000                        _eccmram = .
                0x0800a9e8                        _sidata = LOADADDR (.data)

.data           0x20000000      0x178 load address 0x0800a9e8
                0x20000000                        . = ALIGN (0x4)
                0x20000000                        _sdata = .
 *(.data)
 *(.data*)
 .data.SystemCoreClock
                0x20000000        0x4 cmake/stm32cubemx/CMakeFiles/STM32_Drivers.dir/__/__/Core/Src/system_stm32f4xx.c.obj
                0x20000000                SystemCoreClock
 .data.uwTickPrio
                0x20000004        0x4 cmake/stm32cubemx/CMakeFiles/STM32_Drivers.dir/__/__/Drivers/STM32F4xx_HAL_Driver/Src/stm32f4xx_hal.c.obj
                0x20000004                uwTickPrio
 .data.uwTickFreq
                0x20000008        0x1 cmake/stm32cubemx/CMakeFiles/STM32_Drivers.dir/__/__/Drivers/STM32F4xx_HAL_Driver/Src/stm32f4xx_hal.c.obj
                0x20000008                uwTickFreq
 *fill*         0x20000009        0x3 
 .data.ulog     0x2000000c      0x10c utils/CMakeFiles/utils.dir/ulog/ulog.c.obj
 .data.PS2_cmd  0x20000118        0x9 modules/CMakeFiles/modules.dir/REMOTE/PS2/ps2.c.obj
 *fill*         0x20000121        0x3 
 .data._tx_thread_system_state
                0x20000124        0x4 threadx/libthreadx.a(tx_thread_initialize.c.obj)
                0x20000124                _tx_thread_system_state
 .data._impure_ptr
                0x20000128        0x4 D:/robomaster/toolchains/arm-gnu-toolchain/bin/../lib/gcc/arm-none-eabi/13.3.1/thumb/v7e-m+fp/hard\libg_nano.a(libc_a-impure.o)
                0x20000128                _impure_ptr
 .data._impure_data
                0x2000012c       0x4c D:/robomaster/toolchains/arm-gnu-toolchain/bin/../lib/gcc/arm-none-eabi/13.3.1/thumb/v7e-m+fp/hard\libg_nano.a(libc_a-impure.o)
                0x2000012c                _impure_data
 *(.RamFunc)
 *(.RamFunc*)
                0x20000178                        . = ALIGN (0x4)

.tm_clone_table
                0x20000178        0x0 load address 0x0800ab60
 .tm_clone_table
                0x20000178        0x0 D:/robomaster/toolchains/arm-gnu-toolchain/bin/../lib/gcc/arm-none-eabi/13.3.1/thumb/v7e-m+fp/hard/crtbegin.o
 .tm_clone_table
                0x20000178        0x0 D:/robomaster/toolchains/arm-gnu-toolchain/bin/../lib/gcc/arm-none-eabi/13.3.1/thumb/v7e-m+fp/hard/crtend.o

.igot.plt       0x20000178        0x0 load address 0x0800ab60
 .igot.plt      0x20000178        0x0 D:/robomaster/toolchains/arm-gnu-toolchain/bin/../lib/gcc/arm-none-eabi/13.3.1/thumb/v7e-m+fp/hard/crtbegin.o

.tdata          0x20000178        0x0 load address 0x0800ab60
 *(.tdata .tdata.* .gnu.linkonce.td.*)
                0x20000178                        . = ALIGN (0x4)
                0x20000178                        _edata = .
                [!provide]                        PROVIDE (__data_end = .)
                [!provide]                        PROVIDE (__tdata_end = .)
                [!provide]                        PROVIDE (__tdata_start = ADDR (.tdata))
                [!provide]                        PROVIDE (__tdata_size = (__tdata_end - __tdata_start))
                [!provide]                        PROVIDE (__data_start = ADDR (.data))
                [!provide]                        PROVIDE (__data_size = (__data_end - __data_start))
                [!provide]                        PROVIDE (__tdata_source = LOADADDR (.tdata))
                [!provide]                        PROVIDE (__tdata_source_end = (LOADADDR (.tdata) + SIZEOF (.tdata)))
                [!provide]                        PROVIDE (__tdata_source_size = (__tdata_source_end - __tdata_source))
                [!provide]                        PROVIDE (__data_source = LOADADDR (.data))
                [!provide]                        PROVIDE (__data_source_end = __tdata_source_end)
                [!provide]                        PROVIDE (__data_source_size = (__data_source_end - __data_source))

.tbss           0x20000178        0x0 load address 0x0800ab60
                0x20000178                        _sbss = .
                0x20000178                        __bss_start__ = _sbss
 *(.tbss .tbss.*)
                0x20000178                        . = ALIGN (0x4)
                [!provide]                        PROVIDE (__tbss_end = .)
                [!provide]                        PROVIDE (__tbss_start = ADDR (.tbss))
                [!provide]                        PROVIDE (__tbss_size = (__tbss_end - __tbss_start))
                [!provide]                        PROVIDE (__tbss_offset = (ADDR (.tbss) - ADDR (.tdata)))
                [!provide]                        PROVIDE (__tls_base = __tdata_start)
                [!provide]                        PROVIDE (__tls_end = __tbss_end)
                [!provide]                        PROVIDE (__tls_size = (__tls_end - __tls_base))
                [!provide]                        PROVIDE (__tls_align = MAX (ALIGNOF (.tdata), ALIGNOF (.tbss)))
                [!provide]                        PROVIDE (__tls_size_align = (((__tls_size + __tls_align) - 0x1) & ~ ((__tls_align - 0x1))))
                [!provide]                        PROVIDE (__arm32_tls_tcb_offset = MAX (0x8, __tls_align))
                [!provide]                        PROVIDE (__arm64_tls_tcb_offset = MAX (0x10, __tls_align))

.bss            0x20000178     0x6110 load address 0x0800ab60
 *(.bss)
 *(.bss*)
 .bss.completed.1
                0x20000178        0x1 D:/robomaster/toolchains/arm-gnu-toolchain/bin/../lib/gcc/arm-none-eabi/13.3.1/thumb/v7e-m+fp/hard/crtbegin.o
 *fill*         0x20000179        0x3 
 .bss.object.0  0x2000017c       0x18 D:/robomaster/toolchains/arm-gnu-toolchain/bin/../lib/gcc/arm-none-eabi/13.3.1/thumb/v7e-m+fp/hard/crtbegin.o
 .bss.uwTick    0x20000194        0x4 cmake/stm32cubemx/CMakeFiles/STM32_Drivers.dir/__/__/Drivers/STM32F4xx_HAL_Driver/Src/stm32f4xx_hal.c.obj
                0x20000194                uwTick
 .bss.callback_count
                0x20000198        0x1 bsp/CMakeFiles/bsp.dir/GPIO/bsp_gpio.c.obj
 *fill*         0x20000199        0x3 
 .bss.exti_callbacks
                0x2000019c       0x80 bsp/CMakeFiles/bsp.dir/GPIO/bsp_gpio.c.obj
 .bss.devices_list
                0x2000021c        0x4 bsp/CMakeFiles/bsp.dir/PWM/bsp_pwm.c.obj
 .bss.dwt_lock_state
                0x20000220        0x1 bsp/CMakeFiles/bsp.dir/DWT/bsp_dwt.c.obj
 *fill*         0x20000221        0x3 
 .bss.CYCCNT_LAST
                0x20000224        0x4 bsp/CMakeFiles/bsp.dir/DWT/bsp_dwt.c.obj
 .bss.CYCCNT_RountCount
                0x20000228        0x4 bsp/CMakeFiles/bsp.dir/DWT/bsp_dwt.c.obj
 .bss.CPU_FREQ_Hz_us
                0x2000022c        0x4 bsp/CMakeFiles/bsp.dir/DWT/bsp_dwt.c.obj
 .bss.CPU_FREQ_Hz
                0x20000230        0x4 bsp/CMakeFiles/bsp.dir/DWT/bsp_dwt.c.obj
 .bss.soft_spi_bus_table
                0x20000234       0xb0 bsp/CMakeFiles/bsp.dir/SPI/bsp_softspi.c.obj
 .bss._acDownBuffer
                0x200002e4       0x10 utils/CMakeFiles/utils.dir/ulog/SEGGER_RTT.c.obj
 .bss._acUpBuffer
                0x200002f4      0x800 utils/CMakeFiles/utils.dir/ulog/SEGGER_RTT.c.obj
 .bss._SEGGER_RTT
                0x20000af4       0x48 utils/CMakeFiles/utils.dir/ulog/SEGGER_RTT.c.obj
                0x20000af4                _SEGGER_RTT
 .bss.g_initialized
                0x20000b3c        0x1 modules/CMakeFiles/modules.dir/REMOTE/module_remote.c.obj
 *fill*         0x20000b3d        0x3 
 .bss.remote_decode_task
                0x20000b40       0xac modules/CMakeFiles/modules.dir/REMOTE/module_remote.c.obj
 .bss.remote_data
                0x20000bec        0x2 modules/CMakeFiles/modules.dir/REMOTE/module_remote.c.obj
 *fill*         0x20000bee        0x2 
 .bss.rx_buf.0  0x20000bf0        0x9 modules/CMakeFiles/modules.dir/REMOTE/PS2/ps2.c.obj
 *fill*         0x20000bf9        0x3 
 .bss.SPI_device
                0x20000bfc        0x4 modules/CMakeFiles/modules.dir/REMOTE/PS2/ps2.c.obj
 .bss.g_motor_list
                0x20000c00        0x4 modules/CMakeFiles/modules.dir/MOTOR/motor_base.c.obj
 .bss.motor_decode_thread
                0x20000c04       0xac modules/CMakeFiles/modules.dir/MOTOR/module_motor.c.obj
 .bss.motor_thread
                0x20000cb0       0xac modules/CMakeFiles/modules.dir/MOTOR/module_motor.c.obj
 .bss.tx_byte_pool_buffer
                0x20000d5c     0x5000 robot/CMakeFiles/robot.dir/car_init.c.obj
 .bss.tx_app_byte_pool
                0x20005d5c       0x34 robot/CMakeFiles/robot.dir/car_init.c.obj
                0x20005d5c                tx_app_byte_pool
 .bss.control_thread
                0x20005d90       0xac app/CMakeFiles/app.dir/car_control.c.obj
 .bss.Motor_list
                0x20005e3c       0x10 app/CMakeFiles/app.dir/car_control.c.obj
 .bss.htim2     0x20005e4c       0x48 CMakeFiles/base.dir/Core/Src/tim.c.obj
                0x20005e4c                htim2
 .bss.htim3     0x20005e94       0x48 CMakeFiles/base.dir/Core/Src/tim.c.obj
                0x20005e94                htim3
 .bss.htim8     0x20005edc       0x48 CMakeFiles/base.dir/Core/Src/tim.c.obj
                0x20005edc                htim8
 .bss.huart1    0x20005f24       0x48 CMakeFiles/base.dir/Core/Src/usart.c.obj
                0x20005f24                huart1
 .bss.htim14    0x20005f6c       0x48 CMakeFiles/base.dir/Core/Src/stm32f4xx_hal_timebase_tim.c.obj
                0x20005f6c                htim14
 .bss.__sbrk_heap_end
                0x20005fb4        0x4 CMakeFiles/base.dir/Core/Src/sysmem.c.obj
 .bss._tx_build_options
                0x20005fb8        0x4 threadx/libthreadx.a(tx_thread_initialize.c.obj)
                0x20005fb8                _tx_build_options
 .bss._tx_thread_mutex_release
                0x20005fbc        0x4 threadx/libthreadx.a(tx_thread_initialize.c.obj)
                0x20005fbc                _tx_thread_mutex_release
 .bss._tx_thread_preempt_disable
                0x20005fc0        0x4 threadx/libthreadx.a(tx_thread_initialize.c.obj)
                0x20005fc0                _tx_thread_preempt_disable
 .bss._tx_thread_priority_list
                0x20005fc4       0x80 threadx/libthreadx.a(tx_thread_initialize.c.obj)
                0x20005fc4                _tx_thread_priority_list
 .bss._tx_thread_highest_priority
                0x20006044        0x4 threadx/libthreadx.a(tx_thread_initialize.c.obj)
                0x20006044                _tx_thread_highest_priority
 .bss._tx_thread_priority_maps
                0x20006048        0x4 threadx/libthreadx.a(tx_thread_initialize.c.obj)
                0x20006048                _tx_thread_priority_maps
 .bss._tx_thread_created_count
                0x2000604c        0x4 threadx/libthreadx.a(tx_thread_initialize.c.obj)
                0x2000604c                _tx_thread_created_count
 .bss._tx_thread_created_ptr
                0x20006050        0x4 threadx/libthreadx.a(tx_thread_initialize.c.obj)
                0x20006050                _tx_thread_created_ptr
 .bss._tx_thread_execute_ptr
                0x20006054        0x4 threadx/libthreadx.a(tx_thread_initialize.c.obj)
                0x20006054                _tx_thread_execute_ptr
 .bss._tx_thread_current_ptr
                0x20006058        0x4 threadx/libthreadx.a(tx_thread_initialize.c.obj)
                0x20006058                _tx_thread_current_ptr
 .bss._tx_thread_system_stack_ptr
                0x2000605c        0x4 threadx/libthreadx.a(tx_thread_initialize.c.obj)
                0x2000605c                _tx_thread_system_stack_ptr
 .bss._tx_timer_time_slice
                0x20006060        0x4 threadx/libthreadx.a(tx_timer_initialize.c.obj)
                0x20006060                _tx_timer_time_slice
 .bss._tx_timer_processing_active
                0x20006064        0x4 threadx/libthreadx.a(tx_timer_initialize.c.obj)
                0x20006064                _tx_timer_processing_active
 .bss._tx_timer_expired_timer_ptr
                0x20006068        0x4 threadx/libthreadx.a(tx_timer_initialize.c.obj)
                0x20006068                _tx_timer_expired_timer_ptr
 .bss._tx_timer_created_count
                0x2000606c        0x4 threadx/libthreadx.a(tx_timer_initialize.c.obj)
                0x2000606c                _tx_timer_created_count
 .bss._tx_timer_created_ptr
                0x20006070        0x4 threadx/libthreadx.a(tx_timer_initialize.c.obj)
                0x20006070                _tx_timer_created_ptr
 .bss._tx_timer_expired
                0x20006074        0x4 threadx/libthreadx.a(tx_timer_initialize.c.obj)
                0x20006074                _tx_timer_expired
 .bss._tx_timer_current_ptr
                0x20006078        0x4 threadx/libthreadx.a(tx_timer_initialize.c.obj)
                0x20006078                _tx_timer_current_ptr
 .bss._tx_timer_list_end
                0x2000607c        0x4 threadx/libthreadx.a(tx_timer_initialize.c.obj)
                0x2000607c                _tx_timer_list_end
 .bss._tx_timer_list_start
                0x20006080        0x4 threadx/libthreadx.a(tx_timer_initialize.c.obj)
                0x20006080                _tx_timer_list_start
 .bss._tx_timer_list
                0x20006084       0x80 threadx/libthreadx.a(tx_timer_initialize.c.obj)
                0x20006084                _tx_timer_list
 .bss._tx_timer_expired_time_slice
                0x20006104        0x4 threadx/libthreadx.a(tx_timer_initialize.c.obj)
                0x20006104                _tx_timer_expired_time_slice
 .bss._tx_timer_system_clock
                0x20006108        0x4 threadx/libthreadx.a(tx_timer_initialize.c.obj)
                0x20006108                _tx_timer_system_clock
 .bss._tx_initialize_unused_memory
                0x2000610c        0x4 threadx/libthreadx.a(tx_initialize_high_level.c.obj)
                0x2000610c                _tx_initialize_unused_memory
 .bss._tx_byte_pool_created_count
                0x20006110        0x4 threadx/libthreadx.a(tx_initialize_high_level.c.obj)
                0x20006110                _tx_byte_pool_created_count
 .bss._tx_byte_pool_created_ptr
                0x20006114        0x4 threadx/libthreadx.a(tx_initialize_high_level.c.obj)
                0x20006114                _tx_byte_pool_created_ptr
 .bss._tx_block_pool_created_count
                0x20006118        0x4 threadx/libthreadx.a(tx_initialize_high_level.c.obj)
                0x20006118                _tx_block_pool_created_count
 .bss._tx_block_pool_created_ptr
                0x2000611c        0x4 threadx/libthreadx.a(tx_initialize_high_level.c.obj)
                0x2000611c                _tx_block_pool_created_ptr
 .bss._tx_mutex_created_count
                0x20006120        0x4 threadx/libthreadx.a(tx_initialize_high_level.c.obj)
                0x20006120                _tx_mutex_created_count
 .bss._tx_mutex_created_ptr
                0x20006124        0x4 threadx/libthreadx.a(tx_initialize_high_level.c.obj)
                0x20006124                _tx_mutex_created_ptr
 .bss._tx_event_flags_created_count
                0x20006128        0x4 threadx/libthreadx.a(tx_initialize_high_level.c.obj)
                0x20006128                _tx_event_flags_created_count
 .bss._tx_event_flags_created_ptr
                0x2000612c        0x4 threadx/libthreadx.a(tx_initialize_high_level.c.obj)
                0x2000612c                _tx_event_flags_created_ptr
 .bss._tx_queue_created_count
                0x20006130        0x4 threadx/libthreadx.a(tx_initialize_high_level.c.obj)
                0x20006130                _tx_queue_created_count
 .bss._tx_queue_created_ptr
                0x20006134        0x4 threadx/libthreadx.a(tx_initialize_high_level.c.obj)
                0x20006134                _tx_queue_created_ptr
 .bss._tx_semaphore_created_count
                0x20006138        0x4 threadx/libthreadx.a(tx_initialize_high_level.c.obj)
                0x20006138                _tx_semaphore_created_count
 .bss._tx_semaphore_created_ptr
                0x2000613c        0x4 threadx/libthreadx.a(tx_initialize_high_level.c.obj)
                0x2000613c                _tx_semaphore_created_ptr
 .bss.__malloc_sbrk_start
                0x20006140        0x4 D:/robomaster/toolchains/arm-gnu-toolchain/bin/../lib/gcc/arm-none-eabi/13.3.1/thumb/v7e-m+fp/hard\libg_nano.a(libc_a-mallocr.o)
                0x20006140                __malloc_sbrk_start
 .bss.__malloc_free_list
                0x20006144        0x4 D:/robomaster/toolchains/arm-gnu-toolchain/bin/../lib/gcc/arm-none-eabi/13.3.1/thumb/v7e-m+fp/hard\libg_nano.a(libc_a-mallocr.o)
                0x20006144                __malloc_free_list
 .bss.__sf      0x20006148      0x138 D:/robomaster/toolchains/arm-gnu-toolchain/bin/../lib/gcc/arm-none-eabi/13.3.1/thumb/v7e-m+fp/hard\libg_nano.a(libc_a-findfp.o)
                0x20006148                __sf
 .bss.errno     0x20006280        0x4 D:/robomaster/toolchains/arm-gnu-toolchain/bin/../lib/gcc/arm-none-eabi/13.3.1/thumb/v7e-m+fp/hard\libg_nano.a(libc_a-reent.o)
                0x20006280                errno
 .bss.__lock___malloc_recursive_mutex
                0x20006284        0x1 D:/robomaster/toolchains/arm-gnu-toolchain/bin/../lib/gcc/arm-none-eabi/13.3.1/thumb/v7e-m+fp/hard\libg_nano.a(libc_a-lock.o)
                0x20006284                __lock___malloc_recursive_mutex
 *(COMMON)
                0x20006288                        . = ALIGN (0x4)
 *fill*         0x20006285        0x3 
                0x20006288                        _ebss = .
                0x20006288                        __bss_end__ = _ebss
                [!provide]                        PROVIDE (__bss_end = .)
                [!provide]                        PROVIDE (__non_tls_bss_start = ADDR (.bss))
                [!provide]                        PROVIDE (__bss_start = __tbss_start)
                [!provide]                        PROVIDE (__bss_size = (__bss_end - __bss_start))

._user_heap_stack
                0x20006288      0x600 load address 0x0800ab60
                0x20006288                        . = ALIGN (0x8)
                [!provide]                        PROVIDE (end = .)
                0x20006288                        PROVIDE (_end = .)
                0x20006488                        . = (. + _Min_Heap_Size)
 *fill*         0x20006288      0x200 
                0x20006888                        . = (. + _Min_Stack_Size)
 *fill*         0x20006488      0x400 
                0x20006888                        . = ALIGN (0x8)

/DISCARD/
 libc.a:*(*)
 libm.a:*(*)
 libgcc.a:*(*)
OUTPUT(base.elf elf32-littlearm)
LOAD linker stubs

.ARM.attributes
                0x00000000       0x30
 .ARM.attributes
                0x00000000       0x22 D:/robomaster/toolchains/arm-gnu-toolchain/bin/../lib/gcc/arm-none-eabi/13.3.1/thumb/v7e-m+fp/hard/crti.o
 .ARM.attributes
                0x00000022       0x34 D:/robomaster/toolchains/arm-gnu-toolchain/bin/../lib/gcc/arm-none-eabi/13.3.1/thumb/v7e-m+fp/hard/crtbegin.o
 .ARM.attributes
                0x00000056       0x34 cmake/stm32cubemx/CMakeFiles/STM32_Drivers.dir/__/__/Core/Src/system_stm32f4xx.c.obj
 .ARM.attributes
                0x0000008a       0x34 cmake/stm32cubemx/CMakeFiles/STM32_Drivers.dir/__/__/Drivers/STM32F4xx_HAL_Driver/Src/stm32f4xx_hal_tim.c.obj
 .ARM.attributes
                0x000000be       0x34 cmake/stm32cubemx/CMakeFiles/STM32_Drivers.dir/__/__/Drivers/STM32F4xx_HAL_Driver/Src/stm32f4xx_hal_tim_ex.c.obj
 .ARM.attributes
                0x000000f2       0x34 cmake/stm32cubemx/CMakeFiles/STM32_Drivers.dir/__/__/Drivers/STM32F4xx_HAL_Driver/Src/stm32f4xx_hal_rcc.c.obj
 .ARM.attributes
                0x00000126       0x34 cmake/stm32cubemx/CMakeFiles/STM32_Drivers.dir/__/__/Drivers/STM32F4xx_HAL_Driver/Src/stm32f4xx_hal_gpio.c.obj
 .ARM.attributes
                0x0000015a       0x34 cmake/stm32cubemx/CMakeFiles/STM32_Drivers.dir/__/__/Drivers/STM32F4xx_HAL_Driver/Src/stm32f4xx_hal_dma.c.obj
 .ARM.attributes
                0x0000018e       0x34 cmake/stm32cubemx/CMakeFiles/STM32_Drivers.dir/__/__/Drivers/STM32F4xx_HAL_Driver/Src/stm32f4xx_hal_cortex.c.obj
 .ARM.attributes
                0x000001c2       0x34 cmake/stm32cubemx/CMakeFiles/STM32_Drivers.dir/__/__/Drivers/STM32F4xx_HAL_Driver/Src/stm32f4xx_hal.c.obj
 .ARM.attributes
                0x000001f6       0x34 cmake/stm32cubemx/CMakeFiles/STM32_Drivers.dir/__/__/Drivers/STM32F4xx_HAL_Driver/Src/stm32f4xx_hal_uart.c.obj
 .ARM.attributes
                0x0000022a       0x34 bsp/CMakeFiles/bsp.dir/bsp_init.c.obj
 .ARM.attributes
                0x0000025e       0x34 bsp/CMakeFiles/bsp.dir/GPIO/bsp_gpio.c.obj
 .ARM.attributes
                0x00000292       0x34 bsp/CMakeFiles/bsp.dir/PWM/bsp_pwm.c.obj
 .ARM.attributes
                0x000002c6       0x34 bsp/CMakeFiles/bsp.dir/DWT/bsp_dwt.c.obj
 .ARM.attributes
                0x000002fa       0x34 bsp/CMakeFiles/bsp.dir/SPI/bsp_softspi.c.obj
 .ARM.attributes
                0x0000032e       0x34 utils/CMakeFiles/utils.dir/utils_init.c.obj
 .ARM.attributes
                0x00000362       0x34 utils/CMakeFiles/utils.dir/ulog/SEGGER_RTT.c.obj
 .ARM.attributes
                0x00000396       0x34 utils/CMakeFiles/utils.dir/ulog/ulog.c.obj
 .ARM.attributes
                0x000003ca       0x34 utils/CMakeFiles/utils.dir/ulog/printf.c.obj
 .ARM.attributes
                0x000003fe       0x34 modules/CMakeFiles/modules.dir/module_init.c.obj
 .ARM.attributes
                0x00000432       0x34 modules/CMakeFiles/modules.dir/REMOTE/module_remote.c.obj
 .ARM.attributes
                0x00000466       0x34 modules/CMakeFiles/modules.dir/REMOTE/PS2/ps2.c.obj
 .ARM.attributes
                0x0000049a       0x34 modules/CMakeFiles/modules.dir/MOTOR/motor_base.c.obj
 .ARM.attributes
                0x000004ce       0x34 modules/CMakeFiles/modules.dir/MOTOR/module_motor.c.obj
 .ARM.attributes
                0x00000502       0x34 modules/CMakeFiles/modules.dir/MOTOR/DC_Gear/motor_DC.c.obj
 .ARM.attributes
                0x00000536       0x34 robot/CMakeFiles/robot.dir/car_init.c.obj
 .ARM.attributes
                0x0000056a       0x34 app/CMakeFiles/app.dir/app_init.c.obj
 .ARM.attributes
                0x0000059e       0x34 app/CMakeFiles/app.dir/car_control.c.obj
 .ARM.attributes
                0x000005d2       0x34 CMakeFiles/base.dir/Core/Src/main.c.obj
 .ARM.attributes
                0x00000606       0x34 CMakeFiles/base.dir/Core/Src/gpio.c.obj
 .ARM.attributes
                0x0000063a       0x34 CMakeFiles/base.dir/Core/Src/tim.c.obj
 .ARM.attributes
                0x0000066e       0x34 CMakeFiles/base.dir/Core/Src/usart.c.obj
 .ARM.attributes
                0x000006a2       0x34 CMakeFiles/base.dir/Core/Src/stm32f4xx_it.c.obj
 .ARM.attributes
                0x000006d6       0x34 CMakeFiles/base.dir/Core/Src/stm32f4xx_hal_msp.c.obj
 .ARM.attributes
                0x0000070a       0x34 CMakeFiles/base.dir/Core/Src/stm32f4xx_hal_timebase_tim.c.obj
 .ARM.attributes
                0x0000073e       0x34 CMakeFiles/base.dir/Core/Src/sysmem.c.obj
 .ARM.attributes
                0x00000772       0x21 CMakeFiles/base.dir/startup_stm32f407xx.s.obj
 .ARM.attributes
                0x00000793       0x30 threadx/libthreadx.a(tx_initialize_kernel_enter.c.obj)
 .ARM.attributes
                0x000007c3       0x30 threadx/libthreadx.a(tx_thread_identify.c.obj)
 .ARM.attributes
                0x000007f3       0x30 threadx/libthreadx.a(tx_thread_initialize.c.obj)
 .ARM.attributes
                0x00000823       0x30 threadx/libthreadx.a(tx_thread_sleep.c.obj)
 .ARM.attributes
                0x00000853       0x30 threadx/libthreadx.a(tx_thread_system_suspend.c.obj)
 .ARM.attributes
                0x00000883       0x30 threadx/libthreadx.a(tx_timer_initialize.c.obj)
 .ARM.attributes
                0x000008b3       0x30 threadx/libthreadx.a(tx_timer_system_activate.c.obj)
 .ARM.attributes
                0x000008e3       0x30 threadx/libthreadx.a(txe_byte_allocate.c.obj)
 .ARM.attributes
                0x00000913       0x30 threadx/libthreadx.a(txe_byte_pool_create.c.obj)
 .ARM.attributes
                0x00000943       0x30 threadx/libthreadx.a(txe_byte_release.c.obj)
 .ARM.attributes
                0x00000973       0x30 threadx/libthreadx.a(txe_event_flags_create.c.obj)
 .ARM.attributes
                0x000009a3       0x30 threadx/libthreadx.a(txe_event_flags_get.c.obj)
 .ARM.attributes
                0x000009d3       0x30 threadx/libthreadx.a(txe_event_flags_set.c.obj)
 .ARM.attributes
                0x00000a03       0x30 threadx/libthreadx.a(txe_mutex_create.c.obj)
 .ARM.attributes
                0x00000a33       0x30 threadx/libthreadx.a(txe_mutex_get.c.obj)
 .ARM.attributes
                0x00000a63       0x30 threadx/libthreadx.a(txe_mutex_put.c.obj)
 .ARM.attributes
                0x00000a93       0x30 threadx/libthreadx.a(txe_thread_create.c.obj)
 .ARM.attributes
                0x00000ac3       0x20 threadx/libthreadx.a(tx_initialize_low_level.S.obj)
 .ARM.attributes
                0x00000ae3       0x20 threadx/libthreadx.a(tx_thread_schedule.S.obj)
 .ARM.attributes
                0x00000b03       0x20 threadx/libthreadx.a(tx_timer_interrupt.S.obj)
 .ARM.attributes
                0x00000b23       0x30 threadx/libthreadx.a(tx_initialize_high_level.c.obj)
 .ARM.attributes
                0x00000b53       0x30 threadx/libthreadx.a(tx_byte_allocate.c.obj)
 .ARM.attributes
                0x00000b83       0x30 threadx/libthreadx.a(tx_byte_pool_cleanup.c.obj)
 .ARM.attributes
                0x00000bb3       0x30 threadx/libthreadx.a(tx_byte_pool_create.c.obj)
 .ARM.attributes
                0x00000be3       0x30 threadx/libthreadx.a(tx_byte_pool_search.c.obj)
 .ARM.attributes
                0x00000c13       0x30 threadx/libthreadx.a(tx_byte_release.c.obj)
 .ARM.attributes
                0x00000c43       0x30 threadx/libthreadx.a(tx_event_flags_create.c.obj)
 .ARM.attributes
                0x00000c73       0x30 threadx/libthreadx.a(tx_event_flags_get.c.obj)
 .ARM.attributes
                0x00000ca3       0x30 threadx/libthreadx.a(tx_event_flags_set.c.obj)
 .ARM.attributes
                0x00000cd3       0x30 threadx/libthreadx.a(tx_mutex_create.c.obj)
 .ARM.attributes
                0x00000d03       0x30 threadx/libthreadx.a(tx_mutex_get.c.obj)
 .ARM.attributes
                0x00000d33       0x30 threadx/libthreadx.a(tx_mutex_priority_change.c.obj)
 .ARM.attributes
                0x00000d63       0x30 threadx/libthreadx.a(tx_mutex_put.c.obj)
 .ARM.attributes
                0x00000d93       0x30 threadx/libthreadx.a(tx_thread_create.c.obj)
 .ARM.attributes
                0x00000dc3       0x30 threadx/libthreadx.a(tx_thread_shell_entry.c.obj)
 .ARM.attributes
                0x00000df3       0x30 threadx/libthreadx.a(tx_thread_system_preempt_check.c.obj)
 .ARM.attributes
                0x00000e23       0x30 threadx/libthreadx.a(tx_thread_system_resume.c.obj)
 .ARM.attributes
                0x00000e53       0x30 threadx/libthreadx.a(tx_thread_time_slice.c.obj)
 .ARM.attributes
                0x00000e83       0x30 threadx/libthreadx.a(tx_thread_timeout.c.obj)
 .ARM.attributes
                0x00000eb3       0x30 threadx/libthreadx.a(tx_timer_expiration_process.c.obj)
 .ARM.attributes
                0x00000ee3       0x30 threadx/libthreadx.a(tx_timer_system_deactivate.c.obj)
 .ARM.attributes
                0x00000f13       0x20 threadx/libthreadx.a(tx_thread_stack_build.S.obj)
 .ARM.attributes
                0x00000f33       0x30 threadx/libthreadx.a(tx_event_flags_cleanup.c.obj)
 .ARM.attributes
                0x00000f63       0x30 threadx/libthreadx.a(tx_mutex_cleanup.c.obj)
 .ARM.attributes
                0x00000f93       0x30 threadx/libthreadx.a(tx_mutex_prioritize.c.obj)
 .ARM.attributes
                0x00000fc3       0x22 D:/robomaster/toolchains/arm-gnu-toolchain/bin/../lib/gcc/arm-none-eabi/13.3.1/thumb/v7e-m+fp/hard\libgcc.a(_arm_addsubdf3.o)
 .ARM.attributes
                0x00000fe5       0x22 D:/robomaster/toolchains/arm-gnu-toolchain/bin/../lib/gcc/arm-none-eabi/13.3.1/thumb/v7e-m+fp/hard\libgcc.a(_arm_muldivdf3.o)
 .ARM.attributes
                0x00001007       0x22 D:/robomaster/toolchains/arm-gnu-toolchain/bin/../lib/gcc/arm-none-eabi/13.3.1/thumb/v7e-m+fp/hard\libgcc.a(_arm_cmpdf2.o)
 .ARM.attributes
                0x00001029       0x22 D:/robomaster/toolchains/arm-gnu-toolchain/bin/../lib/gcc/arm-none-eabi/13.3.1/thumb/v7e-m+fp/hard\libgcc.a(_arm_fixdfsi.o)
 .ARM.attributes
                0x0000104b       0x22 D:/robomaster/toolchains/arm-gnu-toolchain/bin/../lib/gcc/arm-none-eabi/13.3.1/thumb/v7e-m+fp/hard\libgcc.a(_aeabi_uldivmod.o)
 .ARM.attributes
                0x0000106d       0x34 D:/robomaster/toolchains/arm-gnu-toolchain/bin/../lib/gcc/arm-none-eabi/13.3.1/thumb/v7e-m+fp/hard\libgcc.a(_fixdfdi.o)
 .ARM.attributes
                0x000010a1       0x34 D:/robomaster/toolchains/arm-gnu-toolchain/bin/../lib/gcc/arm-none-eabi/13.3.1/thumb/v7e-m+fp/hard\libgcc.a(_fixunsdfdi.o)
 .ARM.attributes
                0x000010d5       0x34 D:/robomaster/toolchains/arm-gnu-toolchain/bin/../lib/gcc/arm-none-eabi/13.3.1/thumb/v7e-m+fp/hard\libgcc.a(_udivmoddi4.o)
 .ARM.attributes
                0x00001109       0x22 D:/robomaster/toolchains/arm-gnu-toolchain/bin/../lib/gcc/arm-none-eabi/13.3.1/thumb/v7e-m+fp/hard\libgcc.a(_dvmd_tls.o)
 .ARM.attributes
                0x0000112b       0x22 D:/robomaster/toolchains/arm-gnu-toolchain/bin/../lib/gcc/arm-none-eabi/13.3.1/thumb/v7e-m+fp/hard\libgcc.a(_arm_fixunsdfsi.o)
 .ARM.attributes
                0x0000114d       0x34 D:/robomaster/toolchains/arm-gnu-toolchain/bin/../lib/gcc/arm-none-eabi/13.3.1/thumb/v7e-m+fp/hard\libg_nano.a(libc_a-malloc.o)
 .ARM.attributes
                0x00001181       0x34 D:/robomaster/toolchains/arm-gnu-toolchain/bin/../lib/gcc/arm-none-eabi/13.3.1/thumb/v7e-m+fp/hard\libg_nano.a(libc_a-mallocr.o)
 .ARM.attributes
                0x000011b5       0x34 D:/robomaster/toolchains/arm-gnu-toolchain/bin/../lib/gcc/arm-none-eabi/13.3.1/thumb/v7e-m+fp/hard\libg_nano.a(libc_a-mlock.o)
 .ARM.attributes
                0x000011e9       0x34 D:/robomaster/toolchains/arm-gnu-toolchain/bin/../lib/gcc/arm-none-eabi/13.3.1/thumb/v7e-m+fp/hard\libg_nano.a(libc_a-findfp.o)
 .ARM.attributes
                0x0000121d       0x34 D:/robomaster/toolchains/arm-gnu-toolchain/bin/../lib/gcc/arm-none-eabi/13.3.1/thumb/v7e-m+fp/hard\libg_nano.a(libc_a-memset.o)
 .ARM.attributes
                0x00001251       0x34 D:/robomaster/toolchains/arm-gnu-toolchain/bin/../lib/gcc/arm-none-eabi/13.3.1/thumb/v7e-m+fp/hard\libg_nano.a(libc_a-reent.o)
 .ARM.attributes
                0x00001285       0x34 D:/robomaster/toolchains/arm-gnu-toolchain/bin/../lib/gcc/arm-none-eabi/13.3.1/thumb/v7e-m+fp/hard\libg_nano.a(libc_a-impure.o)
 .ARM.attributes
                0x000012b9       0x34 D:/robomaster/toolchains/arm-gnu-toolchain/bin/../lib/gcc/arm-none-eabi/13.3.1/thumb/v7e-m+fp/hard\libg_nano.a(libc_a-sbrkr.o)
 .ARM.attributes
                0x000012ed       0x34 D:/robomaster/toolchains/arm-gnu-toolchain/bin/../lib/gcc/arm-none-eabi/13.3.1/thumb/v7e-m+fp/hard\libg_nano.a(libc_a-errno.o)
 .ARM.attributes
                0x00001321       0x34 D:/robomaster/toolchains/arm-gnu-toolchain/bin/../lib/gcc/arm-none-eabi/13.3.1/thumb/v7e-m+fp/hard\libg_nano.a(libc_a-init.o)
 .ARM.attributes
                0x00001355       0x34 D:/robomaster/toolchains/arm-gnu-toolchain/bin/../lib/gcc/arm-none-eabi/13.3.1/thumb/v7e-m+fp/hard\libg_nano.a(libc_a-lock.o)
 .ARM.attributes
                0x00001389       0x34 D:/robomaster/toolchains/arm-gnu-toolchain/bin/../lib/gcc/arm-none-eabi/13.3.1/thumb/v7e-m+fp/hard\libg_nano.a(libc_a-memcpy-stub.o)
 .ARM.attributes
                0x000013bd       0x34 D:/robomaster/toolchains/arm-gnu-toolchain/bin/../lib/gcc/arm-none-eabi/13.3.1/thumb/v7e-m+fp/hard/crtend.o
 .ARM.attributes
                0x000013f1       0x22 D:/robomaster/toolchains/arm-gnu-toolchain/bin/../lib/gcc/arm-none-eabi/13.3.1/thumb/v7e-m+fp/hard/crtn.o

.comment        0x00000000       0x45
 .comment       0x00000000       0x45 cmake/stm32cubemx/CMakeFiles/STM32_Drivers.dir/__/__/Core/Src/system_stm32f4xx.c.obj
                                 0x46 (size before relaxing)
 .comment       0x00000045       0x46 cmake/stm32cubemx/CMakeFiles/STM32_Drivers.dir/__/__/Drivers/STM32F4xx_HAL_Driver/Src/stm32f4xx_hal_tim.c.obj
 .comment       0x00000045       0x46 cmake/stm32cubemx/CMakeFiles/STM32_Drivers.dir/__/__/Drivers/STM32F4xx_HAL_Driver/Src/stm32f4xx_hal_tim_ex.c.obj
 .comment       0x00000045       0x46 cmake/stm32cubemx/CMakeFiles/STM32_Drivers.dir/__/__/Drivers/STM32F4xx_HAL_Driver/Src/stm32f4xx_hal_rcc.c.obj
 .comment       0x00000045       0x46 cmake/stm32cubemx/CMakeFiles/STM32_Drivers.dir/__/__/Drivers/STM32F4xx_HAL_Driver/Src/stm32f4xx_hal_gpio.c.obj
 .comment       0x00000045       0x46 cmake/stm32cubemx/CMakeFiles/STM32_Drivers.dir/__/__/Drivers/STM32F4xx_HAL_Driver/Src/stm32f4xx_hal_dma.c.obj
 .comment       0x00000045       0x46 cmake/stm32cubemx/CMakeFiles/STM32_Drivers.dir/__/__/Drivers/STM32F4xx_HAL_Driver/Src/stm32f4xx_hal_cortex.c.obj
 .comment       0x00000045       0x46 cmake/stm32cubemx/CMakeFiles/STM32_Drivers.dir/__/__/Drivers/STM32F4xx_HAL_Driver/Src/stm32f4xx_hal.c.obj
 .comment       0x00000045       0x46 cmake/stm32cubemx/CMakeFiles/STM32_Drivers.dir/__/__/Drivers/STM32F4xx_HAL_Driver/Src/stm32f4xx_hal_uart.c.obj
 .comment       0x00000045       0x46 bsp/CMakeFiles/bsp.dir/bsp_init.c.obj
 .comment       0x00000045       0x46 bsp/CMakeFiles/bsp.dir/GPIO/bsp_gpio.c.obj
 .comment       0x00000045       0x46 bsp/CMakeFiles/bsp.dir/PWM/bsp_pwm.c.obj
 .comment       0x00000045       0x46 bsp/CMakeFiles/bsp.dir/DWT/bsp_dwt.c.obj
 .comment       0x00000045       0x46 bsp/CMakeFiles/bsp.dir/SPI/bsp_softspi.c.obj
 .comment       0x00000045       0x46 utils/CMakeFiles/utils.dir/utils_init.c.obj
 .comment       0x00000045       0x46 utils/CMakeFiles/utils.dir/ulog/SEGGER_RTT.c.obj
 .comment       0x00000045       0x46 utils/CMakeFiles/utils.dir/ulog/ulog.c.obj
 .comment       0x00000045       0x46 utils/CMakeFiles/utils.dir/ulog/printf.c.obj
 .comment       0x00000045       0x46 modules/CMakeFiles/modules.dir/module_init.c.obj